Archive member included because of file (symbol)

/usr/local/bin/../lib/gcc/msp430/4.7.2/mcpu-430x/mmpy-16/msr20/mc20/libgcc.a(_mulsi3.o)
                              build/z1/obj/cfs-coffee.o (__mulsi3)
/usr/local/bin/../lib/gcc/msp430/4.7.2/mcpu-430x/mmpy-16/msr20/mc20/libgcc.a(_udivmod16.o)
                              build/z1/obj/cfs-coffee.o (__udivhi3)
/usr/local/bin/../lib/gcc/msp430/4.7.2/mcpu-430x/mmpy-16/msr20/mc20/libgcc.a(_divmod16.o)
                              build/z1/obj/link-stats.o (__divhi3)
/usr/local/bin/../lib/gcc/msp430/4.7.2/mcpu-430x/mmpy-16/msr20/mc20/libgcc.a(_udivmod32.o)
                              build/z1/obj/ifft.o (__udivsi3)
/usr/local/bin/../lib/gcc/msp430/4.7.2/mcpu-430x/mmpy-16/msr20/mc20/libgcc.a(_divmod32.o)
                              build/z1/obj/cfs-coffee.o (__divsi3)
/usr/local/bin/../lib/gcc/msp430/4.7.2/../../../../msp430/lib/mcpu-430x/mmpy-16/msr20/mc20/libc.a(printf.o)
                              build/z1/obj/assert.o (printf)
/usr/local/bin/../lib/gcc/msp430/4.7.2/../../../../msp430/lib/mcpu-430x/mmpy-16/msr20/mc20/libc.a(vuprintf.o)
                              /usr/local/bin/../lib/gcc/msp430/4.7.2/../../../../msp430/lib/mcpu-430x/mmpy-16/msr20/mc20/libc.a(printf.o) (vuprintf)
/usr/local/bin/../lib/gcc/msp430/4.7.2/../../../../msp430/lib/mcpu-430x/mmpy-16/msr20/mc20/libc.a(puts.o)
                              build/z1/obj/assert.o (puts)
/usr/local/bin/../lib/gcc/msp430/4.7.2/../../../../msp430/lib/mcpu-430x/mmpy-16/msr20/mc20/libc.a(rand.o)
                              build/z1/obj/random.o (rand)
/usr/local/bin/../lib/gcc/msp430/4.7.2/../../../../msp430/lib/mcpu-430x/mmpy-16/msr20/mc20/libc.a(strcmp.o)
                              build/z1/obj/cfs-coffee.o (strcmp)
/usr/local/bin/../lib/gcc/msp430/4.7.2/../../../../msp430/lib/mcpu-430x/mmpy-16/msr20/mc20/libc.a(strncmp.o)
                              build/z1/obj/sensors.o (strncmp)
/usr/local/bin/../lib/gcc/msp430/4.7.2/../../../../msp430/lib/mcpu-430x/mmpy-16/msr20/mc20/libc.a(memcmp.o)
                              build/z1/obj/linkaddr.o (memcmp)
/usr/local/bin/../lib/gcc/msp430/4.7.2/../../../../msp430/lib/mcpu-430x/mmpy-16/msr20/mc20/libc.a(strncpy.o)
                              build/z1/obj/cfs-coffee.o (strncpy)
/usr/local/bin/../lib/gcc/msp430/4.7.2/../../../../msp430/lib/mcpu-430x/mmpy-16/msr20/mc20/libc.a(memcpy.o)
                              build/z1/obj/aes-128.o (memcpy)
/usr/local/bin/../lib/gcc/msp430/4.7.2/../../../../msp430/lib/mcpu-430x/mmpy-16/msr20/mc20/libc.a(memset.o)
                              build/z1/obj/cfs-coffee.o (memset)
/usr/local/bin/../lib/gcc/msp430/4.7.2/mcpu-430x/mmpy-16/msr20/mc20/libgcc.a(_udivmod64.o)
                              /usr/local/bin/../lib/gcc/msp430/4.7.2/../../../../msp430/lib/mcpu-430x/mmpy-16/msr20/mc20/libc.a(vuprintf.o) (__udivdi3)
/usr/local/bin/../lib/gcc/msp430/4.7.2/mcpu-430x/mmpy-16/msr20/mc20/libcrt0.a(_reset_vector__.o)
                              /usr/local/bin/../lib/gcc/msp430/4.7.2/mcpu-430x/mmpy-16/msr20/mc20/crt0ivtbl32.o (_reset_vector__)
/usr/local/bin/../lib/gcc/msp430/4.7.2/mcpu-430x/mmpy-16/msr20/mc20/libcrt0.a(__watchdog_support.o)
                              /usr/local/bin/../lib/gcc/msp430/4.7.2/mcpu-430x/mmpy-16/msr20/mc20/libcrt0.a(_reset_vector__.o) (__watchdog_support)
/usr/local/bin/../lib/gcc/msp430/4.7.2/mcpu-430x/mmpy-16/msr20/mc20/libcrt0.a(__init_stack.o)
                              /usr/local/bin/../lib/gcc/msp430/4.7.2/mcpu-430x/mmpy-16/msr20/mc20/libcrt0.a(_reset_vector__.o) (__init_stack)
/usr/local/bin/../lib/gcc/msp430/4.7.2/mcpu-430x/mmpy-16/msr20/mc20/libcrt0.a(__low_level_init.o)
                              /usr/local/bin/../lib/gcc/msp430/4.7.2/mcpu-430x/mmpy-16/msr20/mc20/libcrt0.a(_reset_vector__.o) (__low_level_init)
/usr/local/bin/../lib/gcc/msp430/4.7.2/mcpu-430x/mmpy-16/msr20/mc20/libcrt0.a(_copy_data.o)
                              /usr/local/bin/../lib/gcc/msp430/4.7.2/mcpu-430x/mmpy-16/msr20/mc20/libcrt0.a(_reset_vector__.o) (__do_copy_data)
/usr/local/bin/../lib/gcc/msp430/4.7.2/mcpu-430x/mmpy-16/msr20/mc20/libcrt0.a(_clear_bss.o)
                              /usr/local/bin/../lib/gcc/msp430/4.7.2/mcpu-430x/mmpy-16/msr20/mc20/libcrt0.a(_reset_vector__.o) (__do_clear_bss)
/usr/local/bin/../lib/gcc/msp430/4.7.2/mcpu-430x/mmpy-16/msr20/mc20/libcrt0.a(__stop_progExec__.o)
                              /usr/local/bin/../lib/gcc/msp430/4.7.2/mcpu-430x/mmpy-16/msr20/mc20/libcrt0.a(_reset_vector__.o) (__stop_progExec__)
/usr/local/bin/../lib/gcc/msp430/4.7.2/mcpu-430x/mmpy-16/msr20/mc20/libcrt0.a(_endless_loop__.o)
                              /usr/local/bin/../lib/gcc/msp430/4.7.2/mcpu-430x/mmpy-16/msr20/mc20/libcrt0.a(_reset_vector__.o) (_endless_loop__)
/usr/local/bin/../lib/gcc/msp430/4.7.2/mcpu-430x/mmpy-16/msr20/mc20/libcrt0.a(_unexpected_.o)
[...]
Memory Configuration

Name             Origin             Length             Attributes
sfr              0x00000000         0x00000010
peripheral_8bit  0x00000010         0x000000f0
peripheral_16bit 0x00000100         0x00000100
ram_mirror       0x00000200         0x00000800         xw
infomem          0x00001000         0x00000100
infod            0x00001000         0x00000040
infoc            0x00001040         0x00000040
infob            0x00001080         0x00000040
infoa            0x000010c0         0x00000040
ram              0x00001100         0x00002000         xw
rom              0x00003100         0x0000cebe         xr
vectors          0x0000ffc0         0x00000040
far_rom          0x00010000         0x0000a000
bsl              0x00000000         0x00000000
ram2             0x00000000         0x00000000         xw
usbram           0x00000000         0x00000000         xw
*default*        0x00000000         0xffffffff

Linker script and memory map

LOAD /usr/local/bin/../lib/gcc/msp430/4.7.2/mcpu-430x/mmpy-16/msr20/mc20/crt0ivtbl32.o
                0x00000041                __P1SEL2 = 0x41
                0x00000045                __P5SEL2 = 0x45
                0x00001b28                _stack = _end
LOAD build/z1/obj/adxl345.o
LOAD build/z1/obj/aes-128.o
LOAD build/z1/obj/anti-replay.o
LOAD build/z1/obj/assert.o
LOAD build/z1/obj/atomic.o
LOAD build/z1/obj/autostart.o
LOAD build/z1/obj/battery-sensor.o
LOAD build/z1/obj/button-hal.o
LOAD build/z1/obj/button-sensor.o
LOAD build/z1/obj/cc2420-arch-sfd.o
LOAD build/z1/obj/cc2420-arch.o
LOAD build/z1/obj/cc2420-tsch-15ms.o
LOAD build/z1/obj/cc2420.o
LOAD build/z1/obj/ccm-star-packetbuf.o
LOAD build/z1/obj/ccm-star.o
LOAD build/z1/obj/cfs-coffee.o
LOAD build/z1/obj/circular-list.o
LOAD build/z1/obj/clock.o
LOAD build/z1/obj/compower.o
LOAD build/z1/obj/contiki-main.o
LOAD build/z1/obj/contiki-z1-platform.o
LOAD build/z1/obj/coordinator.o
LOAD build/z1/obj/crc16.o
LOAD build/z1/obj/csma-output.o
LOAD build/z1/obj/csma-security.o
LOAD build/z1/obj/csma.o
LOAD build/z1/obj/ctimer.o
LOAD build/z1/obj/dbl-circ-list.o
LOAD build/z1/obj/dbl-list.o
LOAD build/z1/obj/energest.o
LOAD build/z1/obj/etimer.o
LOAD build/z1/obj/flash.o
LOAD build/z1/obj/frame802154.o
LOAD build/z1/obj/frame802154e-ie.o
LOAD build/z1/obj/framer-802154.o
LOAD build/z1/obj/gpio-hal.o
LOAD build/z1/obj/heapmem.o
LOAD build/z1/obj/hexconv.o
LOAD build/z1/obj/i2cmaster.o
LOAD build/z1/obj/ifft.o
LOAD build/z1/obj/int-master.o
LOAD build/z1/obj/leds-arch.o
LOAD build/z1/obj/leds.o
LOAD build/z1/obj/light-sensor.o
LOAD build/z1/obj/link-stats.o
LOAD build/z1/obj/linkaddr.o
LOAD build/z1/obj/list.o
LOAD build/z1/obj/log.o
LOAD build/z1/obj/lpm.o
LOAD build/z1/obj/mac-sequence.o
LOAD build/z1/obj/mac.o
LOAD build/z1/obj/memb.o
LOAD build/z1/obj/msp430.o
LOAD build/z1/obj/mutex.o
LOAD build/z1/obj/nbr-table.o
LOAD build/z1/obj/net-debug.o
LOAD build/z1/obj/netstack.o
LOAD build/z1/obj/node-id-z1.o
LOAD build/z1/obj/node-id.o
LOAD build/z1/obj/nullframer.o
LOAD build/z1/obj/nullnet.o
LOAD build/z1/obj/nullradio.o
LOAD build/z1/obj/nullrouting.o
LOAD build/z1/obj/packetbuf.o
LOAD build/z1/obj/platform.o
LOAD build/z1/obj/process.o
LOAD build/z1/obj/queuebuf.o
LOAD build/z1/obj/random.o
LOAD build/z1/obj/ringbuf.o
LOAD build/z1/obj/ringbufindex.o
LOAD build/z1/obj/rtimer-arch.o
LOAD build/z1/obj/rtimer.o
LOAD build/z1/obj/sensors.o
LOAD build/z1/obj/serial-line.o
LOAD build/z1/obj/sky-sensors.o
LOAD build/z1/obj/slip_uart0.o
LOAD build/z1/obj/spi-legacy.o
LOAD build/z1/obj/spi.o
LOAD build/z1/obj/stack-check.o
LOAD build/z1/obj/stimer.o
LOAD build/z1/obj/temperature-sensor.o
LOAD build/z1/obj/timer.o
LOAD build/z1/obj/tmp102.o
LOAD build/z1/obj/trickle-timer.o
LOAD build/z1/obj/uart0-putchar.o
LOAD build/z1/obj/uart0.o
LOAD build/z1/obj/uip-ipchksum.o
LOAD build/z1/obj/watchdog.o
LOAD build/z1/obj/xmem.o
LOAD build/z1/obj/z1-phidgets.o
LOAD build/z1/obj/z1-sensors.o
LOAD /usr/local/bin/../lib/gcc/msp430/4.7.2/mcpu-430x/mmpy-16/msr20/mc20/libgcc.a
LOAD /usr/local/bin/../lib/gcc/msp430/4.7.2/../../../../msp430/lib/mcpu-430x/mmpy-16/msr20/mc20/libc.a
LOAD /usr/local/bin/../lib/gcc/msp430/4.7.2/mcpu-430x/mmpy-16/msr20/mc20/libgcc.a
LOAD /usr/local/bin/../lib/gcc/msp430/4.7.2/mcpu-430x/mmpy-16/msr20/mc20/libcrt0.a
                0x00000040                PROVIDE (__info_segment_size, 0x40)
                0x00001000                PROVIDE (__infod, 0x1000)
                0x00001040                PROVIDE (__infoc, 0x1040)
                0x00001080                PROVIDE (__infob, 0x1080)
                0x000010c0                PROVIDE (__infoa, 0x10c0)
                0x00000000                __IE1 = 0x0
                0x00000002                __IFG1 = 0x2
                0x00000001                __IE2 = 0x1
                0x00000003                __IFG2 = 0x3
                0x00000006                __UC1IE = 0x6
                0x00000007                __UC1IFG = 0x7
                0x000001a0                __ADC12CTL0 = 0x1a0
                0x000001a2                __ADC12CTL1 = 0x1a2
                0x000001a4                __ADC12IFG = 0x1a4
                0x000001a6                __ADC12IE = 0x1a6
                0x000001a8                __ADC12IV = 0x1a8
                0x00000140                __ADC12MEM0 = 0x140
                0x00000142                __ADC12MEM1 = 0x142
                0x00000144                __ADC12MEM2 = 0x144
                0x00000146                __ADC12MEM3 = 0x146
                0x00000148                __ADC12MEM4 = 0x148
                0x0000014a                __ADC12MEM5 = 0x14a
                0x0000014c                __ADC12MEM6 = 0x14c
                0x0000014e                __ADC12MEM7 = 0x14e
                0x00000150                __ADC12MEM8 = 0x150
                0x00000152                __ADC12MEM9 = 0x152
                0x00000154                __ADC12MEM10 = 0x154
                0x00000156                __ADC12MEM11 = 0x156
                0x00000158                __ADC12MEM12 = 0x158
                0x0000015a                __ADC12MEM13 = 0x15a
                0x0000015c                __ADC12MEM14 = 0x15c
                0x0000015e                __ADC12MEM15 = 0x15e
                0x00000080                __ADC12MCTL0 = 0x80
                0x00000081                __ADC12MCTL1 = 0x81
                0x00000082                __ADC12MCTL2 = 0x82
                0x00000083                __ADC12MCTL3 = 0x83
                0x00000084                __ADC12MCTL4 = 0x84
                0x00000085                __ADC12MCTL5 = 0x85
                0x00000086                __ADC12MCTL6 = 0x86
                0x00000087                __ADC12MCTL7 = 0x87
                0x00000088                __ADC12MCTL8 = 0x88
                0x00000089                __ADC12MCTL9 = 0x89
                0x0000008a                __ADC12MCTL10 = 0x8a
                0x0000008b                __ADC12MCTL11 = 0x8b
                0x0000008c                __ADC12MCTL12 = 0x8c
                0x0000008d                __ADC12MCTL13 = 0x8d
                0x0000008e                __ADC12MCTL14 = 0x8e
                0x0000008f                __ADC12MCTL15 = 0x8f
                0x00000056                __DCOCTL = 0x56
                0x00000057                __BCSCTL1 = 0x57
                0x00000058                __BCSCTL2 = 0x58
                0x00000053                __BCSCTL3 = 0x53
                0x00000059                __CACTL1 = 0x59
                0x0000005a                __CACTL2 = 0x5a
                0x0000005b                __CAPD = 0x5b
                0x000001c0                __DAC12_0CTL = 0x1c0
                0x000001c2                __DAC12_1CTL = 0x1c2
                0x000001c8                __DAC12_0DAT = 0x1c8
                0x000001ca                __DAC12_1DAT = 0x1ca
                0x00000122                __DMACTL0 = 0x122
                0x00000124                __DMACTL1 = 0x124
                0x00000126                __DMAIV = 0x126
                0x000001d0                __DMA0CTL = 0x1d0
                0x000001dc                __DMA1CTL = 0x1dc
                0x000001e8                __DMA2CTL = 0x1e8
                0x000001d2                __DMA0SA = 0x1d2
                0x000001d2                __DMA0SAL = 0x1d2
                0x000001d6                __DMA0DA = 0x1d6
                0x000001d6                __DMA0DAL = 0x1d6
                0x000001da                __DMA0SZ = 0x1da
                0x000001de                __DMA1SA = 0x1de
                0x000001de                __DMA1SAL = 0x1de
                0x000001e2                __DMA1DA = 0x1e2
                0x000001e2                __DMA1DAL = 0x1e2
                0x000001e6                __DMA1SZ = 0x1e6
                0x000001ea                __DMA2SA = 0x1ea
                0x000001ea                __DMA2SAL = 0x1ea
                0x000001ee                __DMA2DA = 0x1ee
                0x000001ee                __DMA2DAL = 0x1ee
                0x000001f2                __DMA2SZ = 0x1f2
                0x00000128                __FCTL1 = 0x128
                0x0000012a                __FCTL2 = 0x12a
                0x0000012c                __FCTL3 = 0x12c
                0x000001be                __FCTL4 = 0x1be
                0x00000130                __MPY = 0x130
                0x00000132                __MPYS = 0x132
                0x00000134                __MAC = 0x134
                0x00000136                __MACS = 0x136
                0x00000138                __OP2 = 0x138
                0x0000013a                __RESLO = 0x13a
                0x0000013c                __RESHI = 0x13c
                0x0000013e                __SUMEXT = 0x13e
                0x00000020                __P1IN = 0x20
                0x00000021                __P1OUT = 0x21
                0x00000022                __P1DIR = 0x22
                0x00000023                __P1IFG = 0x23
                0x00000024                __P1IES = 0x24
                0x00000025                __P1IE = 0x25
                0x00000026                __P1SEL = 0x26
                0x00000027                __P1REN = 0x27
                0x00000028                __P2IN = 0x28
                0x00000029                __P2OUT = 0x29
                0x0000002a                __P2DIR = 0x2a
                0x0000002b                __P2IFG = 0x2b
                0x0000002c                __P2IES = 0x2c
                0x0000002d                __P2IE = 0x2d
                0x0000002e                __P2SEL = 0x2e
                0x0000002f                __P2REN = 0x2f
                0x00000018                __P3IN = 0x18
                0x00000019                __P3OUT = 0x19
                0x0000001a                __P3DIR = 0x1a
                0x0000001b                __P3SEL = 0x1b
                0x00000010                __P3REN = 0x10
                0x0000001c                __P4IN = 0x1c
                0x0000001d                __P4OUT = 0x1d
                0x0000001e                __P4DIR = 0x1e
                0x0000001f                __P4SEL = 0x1f
                0x00000011                __P4REN = 0x11
                0x00000030                __P5IN = 0x30
                0x00000031                __P5OUT = 0x31
                0x00000032                __P5DIR = 0x32
                0x00000033                __P5SEL = 0x33
                0x00000012                __P5REN = 0x12
                0x00000034                __P6IN = 0x34
                0x00000035                __P6OUT = 0x35
                0x00000036                __P6DIR = 0x36
                0x00000037                __P6SEL = 0x37
                0x00000013                __P6REN = 0x13
                0x00000038                __P7IN = 0x38
                0x0000003a                __P7OUT = 0x3a
                0x0000003c                __P7DIR = 0x3c
                0x0000003e                __P7SEL = 0x3e
                0x00000014                __P7REN = 0x14
                0x00000039                __P8IN = 0x39
                0x0000003b                __P8OUT = 0x3b
                0x0000003d                __P8DIR = 0x3d
                0x0000003f                __P8SEL = 0x3f
                0x00000015                __P8REN = 0x15
                0x00000038                __PAIN = 0x38
                0x0000003a                __PAOUT = 0x3a
                0x0000003c                __PADIR = 0x3c
                0x0000003e                __PASEL = 0x3e
                0x00000014                __PAREN = 0x14
                0x00000055                __SVSCTL = 0x55
                0x0000012e                __TAIV = 0x12e
                0x00000160                __TACTL = 0x160
                0x00000162                __TACCTL0 = 0x162
                0x00000164                __TACCTL1 = 0x164
                0x00000166                __TACCTL2 = 0x166
                0x00000170                __TAR = 0x170
                0x00000172                __TACCR0 = 0x172
                0x00000174                __TACCR1 = 0x174
                0x00000176                __TACCR2 = 0x176
                0x0000011e                __TBIV = 0x11e
                0x00000180                __TBCTL = 0x180
                0x00000182                __TBCCTL0 = 0x182
                0x00000184                __TBCCTL1 = 0x184
                0x00000186                __TBCCTL2 = 0x186
                0x00000188                __TBCCTL3 = 0x188
                0x0000018a                __TBCCTL4 = 0x18a
                0x0000018c                __TBCCTL5 = 0x18c
                0x0000018e                __TBCCTL6 = 0x18e
                0x00000190                __TBR = 0x190
                0x00000192                __TBCCR0 = 0x192
                0x00000194                __TBCCR1 = 0x194
                0x00000196                __TBCCR2 = 0x196
                0x00000198                __TBCCR3 = 0x198
                0x0000019a                __TBCCR4 = 0x19a
                0x0000019c                __TBCCR5 = 0x19c
                0x0000019e                __TBCCR6 = 0x19e
                0x00000060                __UCA0CTL0 = 0x60
                0x00000061                __UCA0CTL1 = 0x61
                0x00000062                __UCA0BR0 = 0x62
                0x00000063                __UCA0BR1 = 0x63
                0x00000064                __UCA0MCTL = 0x64
                0x00000065                __UCA0STAT = 0x65
                0x00000066                __UCA0RXBUF = 0x66
                0x00000067                __UCA0TXBUF = 0x67
                0x0000005d                __UCA0ABCTL = 0x5d
                0x0000005e                __UCA0IRTCTL = 0x5e
                0x0000005f                __UCA0IRRCTL = 0x5f
                0x00000068                __UCB0CTL0 = 0x68
                0x00000069                __UCB0CTL1 = 0x69
                0x0000006a                __UCB0BR0 = 0x6a
                0x0000006b                __UCB0BR1 = 0x6b
                0x0000006c                __UCB0I2CIE = 0x6c
                0x0000006d                __UCB0STAT = 0x6d
                0x0000006e                __UCB0RXBUF = 0x6e
                0x0000006f                __UCB0TXBUF = 0x6f
                0x00000118                __UCB0I2COA = 0x118
                0x0000011a                __UCB0I2CSA = 0x11a
                0x000000d0                __UCA1CTL0 = 0xd0
                0x000000d1                __UCA1CTL1 = 0xd1
                0x000000d2                __UCA1BR0 = 0xd2
                0x000000d3                __UCA1BR1 = 0xd3
                0x000000d4                __UCA1MCTL = 0xd4
                0x000000d5                __UCA1STAT = 0xd5
                0x000000d6                __UCA1RXBUF = 0xd6
                0x000000d7                __UCA1TXBUF = 0xd7
                0x000000cd                __UCA1ABCTL = 0xcd
                0x000000ce                __UCA1IRTCTL = 0xce
                0x000000cf                __UCA1IRRCTL = 0xcf
                0x000000d8                __UCB1CTL0 = 0xd8
                0x000000d9                __UCB1CTL1 = 0xd9
                0x000000da                __UCB1BR0 = 0xda
                0x000000db                __UCB1BR1 = 0xdb
                0x000000dc                __UCB1I2CIE = 0xdc
                0x000000dd                __UCB1STAT = 0xdd
                0x000000de                __UCB1RXBUF = 0xde
                0x000000df                __UCB1TXBUF = 0xdf
                0x0000017c                __UCB1I2COA = 0x17c
                0x0000017e                __UCB1I2CSA = 0x17e
                0x00000120                __WDTCTL = 0x120
                0x000010c0                __TLV_CHECKSUM = 0x10c0
                0x000010f6                __TLV_DCO_30_TAG = 0x10f6
                0x000010f7                __TLV_DCO_30_LEN = 0x10f7
                0x000010da                __TLV_ADC12_1_TAG = 0x10da
                0x000010db                __TLV_ADC12_1_LEN = 0x10db
                0x000010f8                __CALDCO_16MHZ = 0x10f8
                0x000010f9                __CALBC1_16MHZ = 0x10f9
                0x000010fa                __CALDCO_12MHZ = 0x10fa
                0x000010fb                __CALBC1_12MHZ = 0x10fb
                0x000010fc                __CALDCO_8MHZ = 0x10fc
                0x000010fd                __CALBC1_8MHZ = 0x10fd
                0x000010fe                __CALDCO_1MHZ = 0x10fe
                0x000010ff                __CALBC1_1MHZ = 0x10ff

.hash
 *(SORT(.hash))

.dynsym
 *(SORT(.dynsym))

.dynstr
 *(SORT(.dynstr))

.gnu.version
 *(SORT(.gnu.version))

.gnu.version_d
 *(SORT(.gnu.version_d))

.gnu.version_r
 *(SORT(.gnu.version_r))

.rel.init
 *(SORT(.rel.init))

.rela.init
 *(SORT(.rela.init))

.rel.fini
 *(SORT(.rel.fini))

.rela.fini
 *(SORT(.rela.fini))

.rel.text
 *(SORT(.rel.text) SORT(.rel.text.*) SORT(.rel.gnu.linkonce.t.*))

.rela.text
 *(SORT(.rela.text) SORT(.rela.text.*) SORT(.rela.gnu.linkonce.t.*))

.rel.rodata
 *(SORT(.rel.rodata) SORT(.rel.rodata.*) SORT(.rel.gnu.linkonce.r.*))

.rela.rodata
 *(SORT(.rela.rodata) SORT(.rela.rodata.*) SORT(.rela.gnu.linkonce.r.*))

.rel.data
 *(SORT(.rel.data) SORT(.rel.data.*) SORT(.rel.gnu.linkonce.d.*))

.rela.data
 *(SORT(.rela.data) SORT(.rela.data.*) SORT(.rela.gnu.linkonce.d.*))

.rel.bss
 *(SORT(.rel.bss) SORT(.rel.bss.*) SORT(.rel.gnu.linkonce.b.*))

.rela.bss
 *(SORT(.rela.bss) SORT(.rela.bss.*) SORT(.rela.gnu.linkonce.b.*))

.rel.ctors
 *(SORT(.rel.ctors))

.rela.ctors
 *(SORT(.rela.ctors))

.rel.dtors
 *(SORT(.rel.dtors))

.rela.dtors
 *(SORT(.rela.dtors))

.rel.got
 *(SORT(.rel.got))

.rela.got
 *(SORT(.rela.got))

.rel.plt
 *(SORT(.rel.plt))

.rela.plt
 *(SORT(.rela.plt))

.text           0x00003100     0x4486
                0x00003100                . = ALIGN (0x2)
 *(SORT(.init) SORT(.init.*))
 *(SORT(.init0))
 .init0         0x00003100        0x0 /usr/local/bin/../lib/gcc/msp430/4.7.2/mcpu-430x/mmpy-16/msr20/mc20/libcrt0.a(_reset_vector__.o)
                0x00003100                _reset_vector__
 *(SORT(.init1))
 .init1         0x00003100        0xc /usr/local/bin/../lib/gcc/msp430/4.7.2/mcpu-430x/mmpy-16/msr20/mc20/libcrt0.a(__watchdog_support.o)
                0x00003100                __watchdog_support
 *(SORT(.init2))
 .init2         0x0000310c        0x4 /usr/local/bin/../lib/gcc/msp430/4.7.2/mcpu-430x/mmpy-16/msr20/mc20/libcrt0.a(__init_stack.o)
                0x0000310c                __init_stack
 *(SORT(.init3))
 .init3         0x00003110        0x0 /usr/local/bin/../lib/gcc/msp430/4.7.2/mcpu-430x/mmpy-16/msr20/mc20/libcrt0.a(__low_level_init.o)
                0x00003110                __low_level_init
 *(SORT(.init4))
 .init4         0x00003110       0x18 /usr/local/bin/../lib/gcc/msp430/4.7.2/mcpu-430x/mmpy-16/msr20/mc20/libcrt0.a(_copy_data.o)
                0x00003110                __do_copy_data
 .init4         0x00003128       0x16 /usr/local/bin/../lib/gcc/msp430/4.7.2/mcpu-430x/mmpy-16/msr20/mc20/libcrt0.a(_clear_bss.o)
                0x00003128                __do_clear_bss
 *(SORT(.init5))
 *(SORT(.init6))
 *(SORT(.init7))
 *(SORT(.init8))
 *(SORT(.init9))
 .init9         0x0000313e      0x1c4 build/z1/obj/contiki-main.o
                0x0000313e                main
 *(SORT(.fini9))
 .fini9         0x00003302        0x0 /usr/local/bin/../lib/gcc/msp430/4.7.2/mcpu-430x/mmpy-16/msr20/mc20/libcrt0.a(__stop_progExec__.o)
                0x00003302                __stop_progExec__
 *(SORT(.fini8))
 *(SORT(.fini7))
 *(SORT(.fini6))
 *(SORT(.fini5))
 *(SORT(.fini4))
 *(SORT(.fini3))
 *(SORT(.fini2))
 *(SORT(.fini1))
 *(SORT(.fini0))
 .fini0         0x00003302        0x6 /usr/local/bin/../lib/gcc/msp430/4.7.2/mcpu-430x/mmpy-16/msr20/mc20/libcrt0.a(_endless_loop__.o)
                0x00003302                _endless_loop__
 *(SORT(.fini) SORT(.fini.*))
                0x00003308                . = ALIGN (0x2)
                0x00003308                __ctors_start = .
 *(SORT(.ctors))
                0x00003308                __ctors_end = .
                0x00003308                __dtors_start = .
 *(SORT(.dtors))
                0x00003308                __dtors_end = .
                0x00003308                . = ALIGN (0x2)
 *(SORT(.text) SORT(.text.*) SORT(.gnu.linkonce.t.*))
 .text          0x00003308        0x4 /usr/local/bin/../lib/gcc/msp430/4.7.2/mcpu-430x/mmpy-16/msr20/mc20/crt0ivtbl32.o
                0x00003308                __isr_14
                0x00003308                __isr_4
                0x00003308                __isr_29
                0x00003308                __isr_11
                0x00003308                __isr_5
                0x00003308                __isr_2
                0x00003308                __isr_10
                0x00003308                __isr_7
                0x00003308                __isr_0
                0x00003308                __isr_8
                0x00003308                __isr_20
                0x00003308                __isr_3
                0x00003308                __isr_12
                0x00003308                __isr_13
                0x00003308                __isr_27
                0x00003308                __isr_9
                0x00003308                __isr_30
                0x00003308                __isr_6
                0x00003308                __isr_22
                0x00003308                __isr_1
                0x00003308                __isr_15
                0x00003308                __isr_21
 .text.crt0     0x0000330c        0x2 /usr/local/bin/../lib/gcc/msp430/4.7.2/mcpu-430x/mmpy-16/msr20/mc20/libcrt0.a(_unexpected_.o)
                0x0000330c                _unexpected_
 .text.libgcc   0x0000330e       0x26 /usr/local/bin/../lib/gcc/msp430/4.7.2/mcpu-430x/mmpy-16/msr20/mc20/libgcc.a(_mulsi3.o)
                0x0000330e                __mulsi3
 .text.libgcc   0x00003334       0x22 /usr/local/bin/../lib/gcc/msp430/4.7.2/mcpu-430x/mmpy-16/msr20/mc20/libgcc.a(_udivmod16.o)
                0x00003334                __udivhi3
                0x00003334                __ext_udivmod16
                0x0000334e                __umodhi3
 .text.libgcc   0x00003356       0x38 /usr/local/bin/../lib/gcc/msp430/4.7.2/mcpu-430x/mmpy-16/msr20/mc20/libgcc.a(_udivmod32.o)
                0x00003356                __udivsi3
                0x00003356                __ext_udivmod32
                0x00003384                __umodsi3
 .text.libgcc   0x0000338e       0xbc /usr/local/bin/../lib/gcc/msp430/4.7.2/mcpu-430x/mmpy-16/msr20/mc20/libgcc.a(_udivmod64.o)
                0x0000338e                __xabi_udivmod64
                0x000033e0                __udivdi3
                0x000033fa                __umoddi3
                0x0000341c                __udivmoddi4
 *(SORT(.near.text) SORT(.near.text.*))
 .near.text.port1_isr
                0x0000344a       0x84 build/z1/obj/adxl345.o
                0x0000344a                port1_isr
                0x0000344a                __isr_18
 .near.text.irq_p2
                0x000034ce       0x3c build/z1/obj/button-sensor.o
                0x000034ce                irq_p2
                0x000034ce                __isr_19
 .near.text.cc2420_timerb1_interrupt
                0x0000350a       0x26 build/z1/obj/cc2420-arch-sfd.o
                0x0000350a                cc2420_timerb1_interrupt
                0x0000350a                __isr_28
 .near.text.timera1
                0x00003530       0xd0 build/z1/obj/clock.o
                0x00003530                __isr_24
                0x00003530                timera1
 .near.text.i2c_tx_interrupt
                0x00003600       0x84 build/z1/obj/i2cmaster.o
                0x00003600                __isr_16
                0x00003600                i2c_tx_interrupt
 .near.text.i2c_rx_interrupt
                0x00003684       0x14 build/z1/obj/i2cmaster.o
                0x00003684                i2c_rx_interrupt
                0x00003684                __isr_17
 .near.text.timera0
                0x00003698       0x22 build/z1/obj/rtimer-arch.o
                0x00003698                __isr_25
                0x00003698                timera0
 .near.text.uart0_rx_interrupt
                0x000036ba       0x2a build/z1/obj/uart0.o
                0x000036ba                __isr_23
                0x000036ba                uart0_rx_interrupt
 .near.text.watchdog_interrupt
                0x000036e4        0x6 build/z1/obj/watchdog.o
                0x000036e4                __isr_26
                0x000036e4                watchdog_interrupt
 .any.text.status
                0x000036ea       0x12 build/z1/obj/adxl345.o
 .any.text.accm_write_reg
                0x000036fc       0x2e build/z1/obj/adxl345.o
 .any.text.accm_write_stream
                0x0000372a       0x2a build/z1/obj/adxl345.o
 .any.text.accm_read_reg
                0x00003754       0x54 build/z1/obj/adxl345.o
 .any.text.process_thread_accmeter_process
                0x000037a8       0x56 build/z1/obj/adxl345.o
 .any.text.accm_read_axis.part.0
                0x000037fe       0x5a build/z1/obj/adxl345.o
 .any.text.value
                0x00003858       0x1e build/z1/obj/adxl345.o
 .any.text.accm_init
                0x00003876       0x78 build/z1/obj/adxl345.o
                0x00003876                accm_init
 .any.text.accm_stop
                0x000038ee       0x32 build/z1/obj/adxl345.o
                0x000038ee                accm_stop
 .any.text.configure
                0x00003920       0x26 build/z1/obj/adxl345.o
 .any.text.autostart_start
                0x00003946       0x16 build/z1/obj/autostart.o
                0x00003946                autostart_start
 .any.text.status
                0x0000395c       0x18 build/z1/obj/button-sensor.o
 .any.text.value
                0x00003974       0x20 build/z1/obj/button-sensor.o
 .any.text.configure
                0x00003994       0x4e build/z1/obj/button-sensor.o
 .any.text.cc2420_arch_init
                0x000039e2       0x1a build/z1/obj/cc2420-arch.o
                0x000039e2                cc2420_arch_init
 .any.text.get_object
                0x000039fc        0x4 build/z1/obj/cc2420.o
 .any.text.set_object
                0x00003a00        0x4 build/z1/obj/cc2420.o
 .any.text.strobe
                0x00003a04       0x1a build/z1/obj/cc2420.o
 .any.text.getreg
                0x00003a1e       0x46 build/z1/obj/cc2420.o
 .any.text.setreg
                0x00003a64       0x44 build/z1/obj/cc2420.o
 .any.text.write_ram
                0x00003aa8       0x72 build/z1/obj/cc2420.o
 .any.text.write_fifo_buf
                0x00003b1a       0x38 build/z1/obj/cc2420.o
 .any.text.get_status
                0x00003b52       0x1e build/z1/obj/cc2420.o
 .any.text.on   0x00003b70       0x1a build/z1/obj/cc2420.o
 .any.text.cc2420_receiving_packet
                0x00003b8a        0xa build/z1/obj/cc2420.o
 .any.text.pending_packet
                0x00003b94        0xa build/z1/obj/cc2420.o
 .any.text.wait_for_transmission
                0x00003b9e       0x22 build/z1/obj/cc2420.o
 .any.text.wait_for_status
                0x00003bc0       0x24 build/z1/obj/cc2420.o
 .any.text.getrxdata
                0x00003be4       0x4c build/z1/obj/cc2420.o
 .any.text.flushrx
                0x00003c30       0x1a build/z1/obj/cc2420.o
 .any.text.off  0x00003c4a       0x28 build/z1/obj/cc2420.o
 .any.text.RELEASE_LOCK
                0x00003c72       0x28 build/z1/obj/cc2420.o
 .any.text.set_frame_filtering
                0x00003c9a       0x30 build/z1/obj/cc2420.o
 .any.text.set_auto_ack
                0x00003cca       0x30 build/z1/obj/cc2420.o
 .any.text.set_poll_mode
                0x00003cfa       0x2c build/z1/obj/cc2420.o
 .any.text.cc2420_prepare
                0x00003d26       0x42 build/z1/obj/cc2420.o
 .any.text.cc2420_on
                0x00003d68       0x22 build/z1/obj/cc2420.o
                0x00003d68                cc2420_on
 .any.text.cc2420_transmit
                0x00003d8a       0x66 build/z1/obj/cc2420.o
 .any.text.cc2420_send
                0x00003df0       0x12 build/z1/obj/cc2420.o
 .any.text.cc2420_off
                0x00003e02       0x30 build/z1/obj/cc2420.o
                0x00003e02                cc2420_off
 .any.text.cc2420_cca
                0x00003e32       0x54 build/z1/obj/cc2420.o
 .any.text.cc2420_read
                0x00003e86       0xba build/z1/obj/cc2420.o
 .any.text.process_thread_cc2420_process
                0x00003f40       0x56 build/z1/obj/cc2420.o
 .any.text.cc2420_set_channel
                0x00003f96       0x3a build/z1/obj/cc2420.o
                0x00003f96                cc2420_set_channel
 .any.text.cc2420_set_pan_addr
                0x00003fd0       0x4c build/z1/obj/cc2420.o
                0x00003fd0                cc2420_set_pan_addr
 .any.text.cc2420_interrupt
                0x0000401c       0x16 build/z1/obj/cc2420.o
                0x0000401c                cc2420_interrupt
 .any.text.cc2420_set_txpower
                0x00004032       0x2c build/z1/obj/cc2420.o
                0x00004032                cc2420_set_txpower
 .any.text.cc2420_get_txpower
                0x0000405e       0x1e build/z1/obj/cc2420.o
                0x0000405e                cc2420_get_txpower
 .any.text.cc2420_rssi
                0x0000407c       0x48 build/z1/obj/cc2420.o
                0x0000407c                cc2420_rssi
 .any.text.get_value
                0x000040c4      0x11e build/z1/obj/cc2420.o
 .any.text.cc2420_set_cca_threshold
                0x000041e2       0x16 build/z1/obj/cc2420.o
                0x000041e2                cc2420_set_cca_threshold
 .any.text.set_value
                0x000041f8      0x14a build/z1/obj/cc2420.o
 .any.text.cc2420_init
                0x00004342       0xea build/z1/obj/cc2420.o
                0x00004342                cc2420_init
 .any.text.clock_time
                0x0000442c       0x1a build/z1/obj/clock.o
                0x0000442c                clock_time
 .any.text.clock_init
                0x00004446       0x28 build/z1/obj/clock.o
                0x00004446                clock_init
 .any.text.clock_delay
                0x0000446e        0xc build/z1/obj/clock.o
                0x0000446e                clock_delay
 .any.text.clock_wait
                0x0000447a       0x24 build/z1/obj/clock.o
                0x0000447a                clock_wait
 .any.text.init_platform
                0x0000449e        0xc build/z1/obj/contiki-z1-platform.o
                0x0000449e                init_platform
 .any.text.send_pkt
                0x000044aa       0x58 build/z1/obj/coordinator.o
                0x000044aa                send_pkt
 .any.text.input_callback
                0x00004502      0x252 build/z1/obj/coordinator.o
                0x00004502                input_callback
 .any.text.set_wait_slot_time
                0x00004754       0x68 build/z1/obj/coordinator.o
                0x00004754                set_wait_slot_time
 .any.text.process_thread_nullnet_example_process
                0x000047bc       0xe2 build/z1/obj/coordinator.o
 .any.text.schedule_transmission
                0x0000489e       0x66 build/z1/obj/csma-output.o
 .any.text.tx_done
                0x00004904       0x86 build/z1/obj/csma-output.o
 .any.text.transmit_from_queue
                0x0000498a      0x1b0 build/z1/obj/csma-output.o
 .any.text.csma_output_packet
                0x00004b3a      0x148 build/z1/obj/csma-output.o
                0x00004b3a                csma_output_packet
 .any.text.csma_output_init
                0x00004c82       0x1a build/z1/obj/csma-output.o
                0x00004c82                csma_output_init
 .any.text.csma_security_create_frame
                0x00004c9c       0x10 build/z1/obj/csma-security.o
                0x00004c9c                csma_security_create_frame
 .any.text.csma_security_parse_frame
                0x00004cac        0x6 build/z1/obj/csma-security.o
                0x00004cac                csma_security_parse_frame
 .any.text.on   0x00004cb2        0x6 build/z1/obj/csma.o
 .any.text.off  0x00004cb8        0x6 build/z1/obj/csma.o
 .any.text.max_payload
                0x00004cbe       0x38 build/z1/obj/csma.o
 .any.text.send_packet
                0x00004cf6        0x6 build/z1/obj/csma.o
 .any.text.input_packet
                0x00004cfc       0x58 build/z1/obj/csma.o
 .any.text.init
                0x00004d54       0x20 build/z1/obj/csma.o
 .any.text.process_thread_ctimer_process
                0x00004d74       0xa0 build/z1/obj/ctimer.o
 .any.text.ctimer_init
                0x00004e14       0x18 build/z1/obj/ctimer.o
                0x00004e14                ctimer_init
 .any.text.ctimer_set_with_process
                0x00004e2c       0x4a build/z1/obj/ctimer.o
                0x00004e2c                ctimer_set_with_process
 .any.text.ctimer_set
                0x00004e76       0x10 build/z1/obj/ctimer.o
                0x00004e76                ctimer_set
 .any.text.ctimer_stop
                0x00004e86       0x28 build/z1/obj/ctimer.o
                0x00004e86                ctimer_stop
 .any.text.energest_init
                0x00004eae        0x2 build/z1/obj/energest.o
                0x00004eae                energest_init
 .any.text.energest_flush
                0x00004eb0        0x2 build/z1/obj/energest.o
                0x00004eb0                energest_flush
 .any.text.update_time
                0x00004eb2       0x70 build/z1/obj/etimer.o
 .any.text.etimer_request_poll
                0x00004f22        0xa build/z1/obj/etimer.o
                0x00004f22                etimer_request_poll
 .any.text.process_thread_etimer_process
                0x00004f2c       0xc4 build/z1/obj/etimer.o
 .any.text.add_timer
                0x00004ff0       0x40 build/z1/obj/etimer.o
 .any.text.etimer_set
                0x00005030       0x12 build/z1/obj/etimer.o
                0x00005030                etimer_set
 .any.text.etimer_reset
                0x00005042       0x12 build/z1/obj/etimer.o
                0x00005042                etimer_reset
 .any.text.etimer_expired
                0x00005054        0xe build/z1/obj/etimer.o
                0x00005054                etimer_expired
 .any.text.etimer_pending
                0x00005062        0xc build/z1/obj/etimer.o
                0x00005062                etimer_pending
 .any.text.etimer_next_expiration_time
                0x0000506e       0x16 build/z1/obj/etimer.o
                0x0000506e                etimer_next_expiration_time
 .any.text.etimer_stop
                0x00005084       0x3e build/z1/obj/etimer.o
                0x00005084                etimer_stop
 .any.text.frame802154_get_pan_id
                0x000050c2        0x6 build/z1/obj/frame802154.o
                0x000050c2                frame802154_get_pan_id
 .any.text.frame802154_has_panid
                0x000050c8       0xe0 build/z1/obj/frame802154.o
                0x000050c8                frame802154_has_panid
 .any.text.field_len
                0x000051a8       0xa8 build/z1/obj/frame802154.o
 .any.text.frame802154_is_broadcast_addr
                0x00005250       0x28 build/z1/obj/frame802154.o
                0x00005250                frame802154_is_broadcast_addr
 .any.text.frame802154_hdrlen
                0x00005278       0x32 build/z1/obj/frame802154.o
                0x00005278                frame802154_hdrlen
 .any.text.frame802154_create_fcf
                0x000052aa       0x6e build/z1/obj/frame802154.o
                0x000052aa                frame802154_create_fcf
 .any.text.frame802154_create
                0x00005318       0xd4 build/z1/obj/frame802154.o
                0x00005318                frame802154_create
 .any.text.frame802154_parse_fcf
                0x000053ec       0x8c build/z1/obj/frame802154.o
                0x000053ec                frame802154_parse_fcf
 .any.text.frame802154_parse
                0x00005478      0x15c build/z1/obj/frame802154.o
                0x00005478                frame802154_parse
 .any.text.parse
                0x000055d4       0x9e build/z1/obj/framer-802154.o
 .any.text.framer_802154_setup_params
                0x00005672       0xb0 build/z1/obj/framer-802154.o
                0x00005672                framer_802154_setup_params
 .any.text.create_frame
                0x00005722       0x9e build/z1/obj/framer-802154.o
 .any.text.create
                0x000057c0        0x8 build/z1/obj/framer-802154.o
 .any.text.hdr_length
                0x000057c8        0x8 build/z1/obj/framer-802154.o
 .any.text.i2c_receiveinit
                0x000057d0       0x36 build/z1/obj/i2cmaster.o
                0x000057d0                i2c_receiveinit
 .any.text.i2c_transmitinit
                0x00005806       0x30 build/z1/obj/i2cmaster.o
                0x00005806                i2c_transmitinit
 .any.text.i2c_receive_n
                0x00005836       0x3e build/z1/obj/i2cmaster.o
                0x00005836                i2c_receive_n
 .any.text.i2c_busy
                0x00005874        0xa build/z1/obj/i2cmaster.o
                0x00005874                i2c_busy
 .any.text.i2c_enable
                0x0000587e       0x22 build/z1/obj/i2cmaster.o
                0x0000587e                i2c_enable
 .any.text.i2c_transmit_n
                0x000058a0       0x14 build/z1/obj/i2cmaster.o
                0x000058a0                i2c_transmit_n
 .any.text.leds_arch_init
                0x000058b4        0xe build/z1/obj/leds-arch.o
                0x000058b4                leds_arch_init
 .any.text.leds_arch_get
                0x000058c2       0x34 build/z1/obj/leds-arch.o
                0x000058c2                leds_arch_get
 .any.text.leds_arch_set
                0x000058f6       0x3e build/z1/obj/leds-arch.o
                0x000058f6                leds_arch_set
 .any.text.leds_init
                0x00005934        0x6 build/z1/obj/leds.o
                0x00005934                leds_init
 .any.text.leds_on
                0x0000593a       0x12 build/z1/obj/leds.o
                0x0000593a                leds_on
 .any.text.leds_off
                0x0000594c       0x12 build/z1/obj/leds.o
                0x0000594c                leds_off
 .any.text.linkaddr_copy
                0x0000595e        0x8 build/z1/obj/linkaddr.o
                0x0000595e                linkaddr_copy
 .any.text.linkaddr_cmp
                0x00005966       0x12 build/z1/obj/linkaddr.o
                0x00005966                linkaddr_cmp
 .any.text.linkaddr_set_node_addr
                0x00005978        0xc build/z1/obj/linkaddr.o
                0x00005978                linkaddr_set_node_addr
 .any.text.list_init
                0x00005984        0x6 build/z1/obj/list.o
                0x00005984                list_init
 .any.text.list_head
                0x0000598a        0x4 build/z1/obj/list.o
                0x0000598a                list_head
 .any.text.list_tail
                0x0000598e       0x12 build/z1/obj/list.o
                0x0000598e                list_tail
 .any.text.list_remove
                0x000059a0       0x34 build/z1/obj/list.o
                0x000059a0                list_remove
 .any.text.list_add
                0x000059d4       0x26 build/z1/obj/list.o
                0x000059d4                list_add
 .any.text.list_length
                0x000059fa       0x10 build/z1/obj/list.o
                0x000059fa                list_length
 .any.text.list_item_next
                0x00005a0a        0xc build/z1/obj/list.o
                0x00005a0a                list_item_next
 .any.text.log_lladdr
                0x00005a16       0x40 build/z1/obj/log.o
                0x00005a16                log_lladdr
 .any.text.mac_sequence_init
                0x00005a56        0xa build/z1/obj/mac-sequence.o
                0x00005a56                mac_sequence_init
 .any.text.mac_sequence_set_dsn
                0x00005a60       0x18 build/z1/obj/mac-sequence.o
                0x00005a60                mac_sequence_set_dsn
 .any.text.mac_sequence_is_duplicate
                0x00005a78       0x6e build/z1/obj/mac-sequence.o
                0x00005a78                mac_sequence_is_duplicate
 .any.text.mac_sequence_register_seqno
                0x00005ae6       0x86 build/z1/obj/mac-sequence.o
                0x00005ae6                mac_sequence_register_seqno
 .any.text.mac_call_sent_callback
                0x00005b6c       0x14 build/z1/obj/mac.o
                0x00005b6c                mac_call_sent_callback
 .any.text.memb_init
                0x00005b80       0x36 build/z1/obj/memb.o
                0x00005b80                memb_init
 .any.text.memb_alloc
                0x00005bb6       0x3e build/z1/obj/memb.o
                0x00005bb6                memb_alloc
 .any.text.memb_free
                0x00005bf4       0x32 build/z1/obj/memb.o
                0x00005bf4                memb_free
 .any.text.memb_inmemb
                0x00005c26       0x2a build/z1/obj/memb.o
                0x00005c26                memb_inmemb
 .any.text.msp430_init_dco
                0x00005c50       0x28 build/z1/obj/msp430.o
                0x00005c50                msp430_init_dco
 .any.text.splhigh_
                0x00005c78        0xa build/z1/obj/msp430.o
                0x00005c78                splhigh_
 .any.text.msp430_sync_dco
                0x00005c82       0x6e build/z1/obj/msp430.o
                0x00005c82                msp430_sync_dco
 .any.text.msp430_cpu_init
                0x00005cf0       0x2e build/z1/obj/msp430.o
                0x00005cf0                msp430_cpu_init
 .any.text.netstack_init
                0x00005d1e        0xe build/z1/obj/netstack.o
                0x00005d1e                netstack_init
 .any.text.node_id_z1_restore
                0x00005d2c       0x4c build/z1/obj/node-id-z1.o
                0x00005d2c                node_id_z1_restore
 .any.text.node_id_init
                0x00005d78       0x14 build/z1/obj/node-id.o
                0x00005d78                node_id_init
 .any.text.init
                0x00005d8c        0x8 build/z1/obj/nullnet.o
 .any.text.output
                0x00005d94       0x42 build/z1/obj/nullnet.o
 .any.text.input
                0x00005dd6       0x34 build/z1/obj/nullnet.o
 .any.text.nullnet_set_input_callback
                0x00005e0a        0x6 build/z1/obj/nullnet.o
                0x00005e0a                nullnet_set_input_callback
 .any.text.init
                0x00005e10        0x2 build/z1/obj/nullrouting.o
 .any.text.root_set_prefix
                0x00005e12        0x2 build/z1/obj/nullrouting.o
 .any.text.root_start
                0x00005e14        0x4 build/z1/obj/nullrouting.o
 .any.text.node_is_root
                0x00005e18        0x4 build/z1/obj/nullrouting.o
 .any.text.get_root_ipaddr
                0x00005e1c        0x4 build/z1/obj/nullrouting.o
 .any.text.get_sr_node_ipaddr
                0x00005e20        0x4 build/z1/obj/nullrouting.o
 .any.text.leave_network
                0x00005e24        0x2 build/z1/obj/nullrouting.o
 .any.text.node_has_joined
                0x00005e26        0x4 build/z1/obj/nullrouting.o
 .any.text.node_is_reachable
                0x00005e2a        0x4 build/z1/obj/nullrouting.o
 .any.text.global_repair
                0x00005e2e        0x2 build/z1/obj/nullrouting.o
 .any.text.local_repair
                0x00005e30        0x2 build/z1/obj/nullrouting.o
 .any.text.ext_header_remove
                0x00005e32        0x4 build/z1/obj/nullrouting.o
 .any.text.ext_header_update
                0x00005e36        0x4 build/z1/obj/nullrouting.o
 .any.text.ext_header_hbh_update
                0x00005e3a        0x4 build/z1/obj/nullrouting.o
 .any.text.ext_header_srh_update
                0x00005e3e        0x4 build/z1/obj/nullrouting.o
 .any.text.ext_header_srh_get_next_hop
                0x00005e42        0x4 build/z1/obj/nullrouting.o
 .any.text.link_callback
                0x00005e46        0x2 build/z1/obj/nullrouting.o
 .any.text.neighbor_state_changed
                0x00005e48        0x2 build/z1/obj/nullrouting.o
 .any.text.drop_route
                0x00005e4a        0x2 build/z1/obj/nullrouting.o
 .any.text.is_in_leaf_mode
                0x00005e4c        0x4 build/z1/obj/nullrouting.o
 .any.text.packetbuf_hdrreduce
                0x00005e50       0x1a build/z1/obj/packetbuf.o
                0x00005e50                packetbuf_hdrreduce
 .any.text.packetbuf_set_datalen
                0x00005e6a        0x6 build/z1/obj/packetbuf.o
                0x00005e6a                packetbuf_set_datalen
 .any.text.packetbuf_hdrptr
                0x00005e70        0x6 build/z1/obj/packetbuf.o
                0x00005e70                packetbuf_hdrptr
 .any.text.packetbuf_datalen
                0x00005e76        0x6 build/z1/obj/packetbuf.o
                0x00005e76                packetbuf_datalen
 .any.text.packetbuf_hdrlen
                0x00005e7c        0xa build/z1/obj/packetbuf.o
                0x00005e7c                packetbuf_hdrlen
 .any.text.packetbuf_dataptr
                0x00005e86        0xc build/z1/obj/packetbuf.o
                0x00005e86                packetbuf_dataptr
 .any.text.packetbuf_copyto
                0x00005e92       0x3a build/z1/obj/packetbuf.o
                0x00005e92                packetbuf_copyto
 .any.text.packetbuf_totlen
                0x00005ecc        0xc build/z1/obj/packetbuf.o
                0x00005ecc                packetbuf_totlen
 .any.text.packetbuf_hdralloc
                0x00005ed8       0x3c build/z1/obj/packetbuf.o
                0x00005ed8                packetbuf_hdralloc
 .any.text.packetbuf_attr_clear
                0x00005f14       0x28 build/z1/obj/packetbuf.o
                0x00005f14                packetbuf_attr_clear
 .any.text.packetbuf_clear
                0x00005f3c       0x12 build/z1/obj/packetbuf.o
                0x00005f3c                packetbuf_clear
 .any.text.packetbuf_copyfrom
                0x00005f4e       0x2a build/z1/obj/packetbuf.o
                0x00005f4e                packetbuf_copyfrom
 .any.text.packetbuf_attr_copyto
                0x00005f78       0x22 build/z1/obj/packetbuf.o
                0x00005f78                packetbuf_attr_copyto
 .any.text.packetbuf_attr_copyfrom
                0x00005f9a       0x24 build/z1/obj/packetbuf.o
                0x00005f9a                packetbuf_attr_copyfrom
 .any.text.packetbuf_set_attr
                0x00005fbe        0xc build/z1/obj/packetbuf.o
                0x00005fbe                packetbuf_set_attr
 .any.text.packetbuf_attr
                0x00005fca        0xa build/z1/obj/packetbuf.o
                0x00005fca                packetbuf_attr
 .any.text.packetbuf_set_addr
                0x00005fd4       0x14 build/z1/obj/packetbuf.o
                0x00005fd4                packetbuf_set_addr
 .any.text.packetbuf_addr
                0x00005fe8        0xe build/z1/obj/packetbuf.o
                0x00005fe8                packetbuf_addr
 .any.text.packetbuf_holds_broadcast
                0x00005ff6        0xe build/z1/obj/packetbuf.o
                0x00005ff6                packetbuf_holds_broadcast
 .any.text.platform_init_stage_one
                0x00006004       0x12 build/z1/obj/platform.o
                0x00006004                platform_init_stage_one
 .any.text.platform_init_stage_two
                0x00006016       0xd6 build/z1/obj/platform.o
                0x00006016                platform_init_stage_two
 .any.text.platform_init_stage_three
                0x000060ec       0x72 build/z1/obj/platform.o
                0x000060ec                platform_init_stage_three
 .any.text.platform_idle
                0x0000615e       0x54 build/z1/obj/platform.o
                0x0000615e                platform_idle
 .any.text.call_process
                0x000061b2       0x40 build/z1/obj/process.o
 .any.text.exit_process
                0x000061f2       0x88 build/z1/obj/process.o
 .any.text.do_poll
                0x0000627a       0x30 build/z1/obj/process.o
 .any.text.process_alloc_event
                0x000062aa        0xe build/z1/obj/process.o
                0x000062aa                process_alloc_event
 .any.text.process_init
                0x000062b8       0x1c build/z1/obj/process.o
                0x000062b8                process_init
 .any.text.process_run
                0x000062d4       0x8c build/z1/obj/process.o
                0x000062d4                process_run
 .any.text.process_nevents
                0x00006360        0xe build/z1/obj/process.o
                0x00006360                process_nevents
 .any.text.process_post
                0x0000636e       0x4a build/z1/obj/process.o
                0x0000636e                process_post
 .any.text.process_post_synch
                0x000063b8       0x12 build/z1/obj/process.o
                0x000063b8                process_post_synch
 .any.text.process_start
                0x000063ca       0x36 build/z1/obj/process.o
                0x000063ca                process_start
 .any.text.process_poll
                0x00006400       0x18 build/z1/obj/process.o
                0x00006400                process_poll
 .any.text.queuebuf_init
                0x00006418       0x12 build/z1/obj/queuebuf.o
                0x00006418                queuebuf_init
 .any.text.queuebuf_new_from_packetbuf
                0x0000642a       0x4e build/z1/obj/queuebuf.o
                0x0000642a                queuebuf_new_from_packetbuf
 .any.text.queuebuf_update_attr_from_packetbuf
                0x00006478       0x12 build/z1/obj/queuebuf.o
                0x00006478                queuebuf_update_attr_from_packetbuf
 .any.text.queuebuf_free
                0x0000648a       0x2a build/z1/obj/queuebuf.o
                0x0000648a                queuebuf_free
 .any.text.queuebuf_to_packetbuf
                0x000064b4       0x32 build/z1/obj/queuebuf.o
                0x000064b4                queuebuf_to_packetbuf
 .any.text.random_init
                0x000064e6        0x6 build/z1/obj/random.o
                0x000064e6                random_init
 .any.text.random_rand
                0x000064ec        0x6 build/z1/obj/random.o
                0x000064ec                random_rand
 .any.text.rtimer_arch_init
                0x000064f2        0xe build/z1/obj/rtimer-arch.o
                0x000064f2                rtimer_arch_init
 .any.text.rtimer_arch_now
                0x00006500        0xe build/z1/obj/rtimer-arch.o
                0x00006500                rtimer_arch_now
 .any.text.rtimer_arch_schedule
                0x0000650e        0x6 build/z1/obj/rtimer-arch.o
                0x0000650e                rtimer_arch_schedule
 .any.text.rtimer_init
                0x00006514        0x6 build/z1/obj/rtimer.o
                0x00006514                rtimer_init
 .any.text.rtimer_run_next
                0x0000651a       0x26 build/z1/obj/rtimer.o
                0x0000651a                rtimer_run_next
 .any.text.process_thread_sensors_process
                0x00006540       0xc2 build/z1/obj/sensors.o
 .any.text.sensors_changed
                0x00006602       0x2a build/z1/obj/sensors.o
                0x00006602                sensors_changed
 .any.text.spi_init
                0x0000662c       0x32 build/z1/obj/spi-legacy.o
                0x0000662c                spi_init
 .any.text.stack_check_init
                0x0000665e       0x2e build/z1/obj/stack-check.o
                0x0000665e                stack_check_init
 .any.text.stack_check_get_usage
                0x0000668c       0x54 build/z1/obj/stack-check.o
                0x0000668c                stack_check_get_usage
 .any.text.process_thread_stack_check_process
                0x000066e0       0xd2 build/z1/obj/stack-check.o
 .any.text.timer_set
                0x000067b2       0x1c build/z1/obj/timer.o
                0x000067b2                timer_set
 .any.text.timer_expired
                0x000067ce       0x2a build/z1/obj/timer.o
                0x000067ce                timer_expired
 .any.text.timer_reset
                0x000067f8       0x1c build/z1/obj/timer.o
                0x000067f8                timer_reset
 .any.text.status
                0x00006814       0x12 build/z1/obj/tmp102.o
 .any.text.tmp102_init
                0x00006826       0x24 build/z1/obj/tmp102.o
                0x00006826                tmp102_init
 .any.text.tmp102_stop
                0x0000684a        0xa build/z1/obj/tmp102.o
                0x0000684a                tmp102_stop
 .any.text.configure
                0x00006854       0x26 build/z1/obj/tmp102.o
 .any.text.tmp102_read_reg
                0x0000687a       0x5e build/z1/obj/tmp102.o
                0x0000687a                tmp102_read_reg
 .any.text.tmp102_read_temp_x100
                0x000068d8       0x58 build/z1/obj/tmp102.o
                0x000068d8                tmp102_read_temp_x100
 .any.text.value
                0x00006930        0x6 build/z1/obj/tmp102.o
 .any.text.putchar
                0x00006936       0x10 build/z1/obj/uart0-putchar.o
                0x00006936                putchar
 .any.text.uart0_active
                0x00006946        0xe build/z1/obj/uart0.o
                0x00006946                uart0_active
 .any.text.uart0_writeb
                0x00006954       0x16 build/z1/obj/uart0.o
                0x00006954                uart0_writeb
 .any.text.uart0_init
                0x0000696a       0x4e build/z1/obj/uart0.o
                0x0000696a                uart0_init
 .any.text.watchdog_start
                0x000069b8       0x14 build/z1/obj/watchdog.o
                0x000069b8                watchdog_start
 .any.text.watchdog_periodic
                0x000069cc       0x12 build/z1/obj/watchdog.o
                0x000069cc                watchdog_periodic
 .any.text.watchdog_stop
                0x000069de       0x16 build/z1/obj/watchdog.o
                0x000069de                watchdog_stop
 .any.text.watchdog_init
                0x000069f4       0x12 build/z1/obj/watchdog.o
                0x000069f4                watchdog_init
 .any.text.wait_ready
                0x00006a06       0x46 build/z1/obj/xmem.o
 .any.text.xmem_init
                0x00006a4c       0x1e build/z1/obj/xmem.o
                0x00006a4c                xmem_init
 .any.text.xmem_pread
                0x00006a6a       0x88 build/z1/obj/xmem.o
                0x00006a6a                xmem_pread
 .any.text.printf
                0x00006af2       0x10 /usr/local/bin/../lib/gcc/msp430/4.7.2/../../../../msp430/lib/mcpu-430x/mmpy-16/msr20/mc20/libc.a(printf.o)
                0x00006af2                printf
 .any.text.print_field
                0x00006b02      0x176 /usr/local/bin/../lib/gcc/msp430/4.7.2/../../../../msp430/lib/mcpu-430x/mmpy-16/msr20/mc20/libc.a(vuprintf.o)
 .any.text.vuprintf
                0x00006c78      0x742 /usr/local/bin/../lib/gcc/msp430/4.7.2/../../../../msp430/lib/mcpu-430x/mmpy-16/msr20/mc20/libc.a(vuprintf.o)
                0x00006c78                vuprintf
 .any.text.puts
                0x000073ba       0x2c /usr/local/bin/../lib/gcc/msp430/4.7.2/../../../../msp430/lib/mcpu-430x/mmpy-16/msr20/mc20/libc.a(puts.o)
                0x000073ba                puts
 .any.text.rand
                0x000073e6       0x26 /usr/local/bin/../lib/gcc/msp430/4.7.2/../../../../msp430/lib/mcpu-430x/mmpy-16/msr20/mc20/libc.a(rand.o)
                0x000073e6                rand
 .any.text.srand
                0x0000740c        0xa /usr/local/bin/../lib/gcc/msp430/4.7.2/../../../../msp430/lib/mcpu-430x/mmpy-16/msr20/mc20/libc.a(rand.o)
                0x0000740c                srand
 .any.text.memcmp
                0x00007416       0x2c /usr/local/bin/../lib/gcc/msp430/4.7.2/../../../../msp430/lib/mcpu-430x/mmpy-16/msr20/mc20/libc.a(memcmp.o)
                0x00007416                memcmp
 .any.text.memcpy
                0x00007442       0xe8 /usr/local/bin/../lib/gcc/msp430/4.7.2/../../../../msp430/lib/mcpu-430x/mmpy-16/msr20/mc20/libc.a(memcpy.o)
                0x00007442                memcpy
 .any.text.memset
                0x0000752a       0x5c /usr/local/bin/../lib/gcc/msp430/4.7.2/../../../../msp430/lib/mcpu-430x/mmpy-16/msr20/mc20/libc.a(memset.o)
                0x0000752a                memset

.rodata         0x00007588      0x468
                0x00007588                . = ALIGN (0x2)
 *(SORT(.rodata) SORT(.rodata.*) SORT(.gnu.linkonce.r.*))
 .rodata.get_value
                0x00007588       0x64 build/z1/obj/cc2420.o
 .rodata.set_value
                0x000075ec       0x20 build/z1/obj/cc2420.o
 .rodata.adxl345
                0x0000760c        0xe build/z1/obj/adxl345.o
                0x0000760c                adxl345
 .rodata.button_sensor
                0x0000761a        0xe build/z1/obj/button-sensor.o
                0x0000761a                button_sensor
 .rodata.cc2420_driver
                0x00007628       0x38 build/z1/obj/cc2420.o
                0x00007628                cc2420_driver
 .rodata.output_power
                0x00007660       0x10 build/z1/obj/cc2420.o
 .rodata.autostart_processes
                0x00007670        0x4 build/z1/obj/coordinator.o
                0x00007670                autostart_processes
 .rodata.csma_driver
                0x00007674       0x1a build/z1/obj/csma.o
                0x00007674                csma_driver
 .rodata.framer_802154
                0x0000768e        0xc build/z1/obj/framer-802154.o
                0x0000768e                framer_802154
 .rodata.linkaddr_null
                0x0000769a        0x8 build/z1/obj/linkaddr.o
                0x0000769a                linkaddr_null
 .rodata.nullnet_driver
                0x000076a2        0xe build/z1/obj/nullnet.o
                0x000076a2                nullnet_driver
 .rodata.nullrouting_driver
                0x000076b0       0x52 build/z1/obj/nullrouting.o
                0x000076b0                nullrouting_driver
 .rodata.tmp102
                0x00007702        0xe build/z1/obj/tmp102.o
                0x00007702                tmp102
 .rodata        0x00007710       0x25 build/z1/obj/adxl345.o
 .rodata        0x00007735        0x7 build/z1/obj/button-sensor.o
 .rodata        0x0000773c        0xe build/z1/obj/cc2420.o
 .rodata        0x0000774a       0xd0 build/z1/obj/contiki-main.o
 .rodata.input_callback
                0x0000781a       0x89 build/z1/obj/coordinator.o
 .rodata.set_wait_slot_time
                0x000078a3        0xc build/z1/obj/coordinator.o
 .rodata.process_thread_nullnet_example_process
                0x000078af       0x26 build/z1/obj/coordinator.o
 .rodata        0x000078d5       0x1a build/z1/obj/coordinator.o
 .rodata        0x000078ef        0x5 build/z1/obj/csma.o
 .rodata        0x000078f4        0xf build/z1/obj/ctimer.o
 .rodata        0x00007903        0xc build/z1/obj/etimer.o
 .rodata.CSWTCH.16
                0x0000790f        0x2 build/z1/obj/frame802154.o
 .rodata.log_lladdr
                0x00007911       0x14 build/z1/obj/log.o
 .rodata        0x00007925        0x8 build/z1/obj/nullnet.o
 .rodata        0x0000792d        0xc build/z1/obj/nullrouting.o
 .rodata.platform_init_stage_three
                0x00007939       0x30 build/z1/obj/platform.o
 .rodata        0x00007969        0x8 build/z1/obj/sensors.o
 .rodata.process_thread_stack_check_process
                0x00007971       0x5e build/z1/obj/stack-check.o
 .rodata        0x000079cf        0xc build/z1/obj/stack-check.o
 .rodata        0x000079db        0xe build/z1/obj/tmp102.o
 .rodata.vuprintf
                0x000079e9        0x7 /usr/local/bin/../lib/gcc/msp430/4.7.2/../../../../msp430/lib/mcpu-430x/mmpy-16/msr20/mc20/libc.a(vuprintf.o)
 *(SORT(.near.rodata) SORT(.near.rodata.*))
                0x000079f0                . = ALIGN (0x2)
                0x000079f0                _etext = .

.data           0x00001100       0xa6 load address 0x000079f0
                0x00001100                . = ALIGN (0x2)
                0x00001100                __data_start = .
 *(SORT(.data) SORT(.data.*) SORT(.gnu.linkonce.d.*))
 .data.accmeter_process
                0x00001100        0xc build/z1/obj/adxl345.o
                0x00001100                accmeter_process
 .data.cc2420_process
                0x0000110c        0xc build/z1/obj/cc2420.o
                0x0000110c                cc2420_process
 .data.nullnet_example_process
                0x00001118        0xc build/z1/obj/coordinator.o
                0x00001118                nullnet_example_process
 .data.neighbor_memb
                0x00001124        0x8 build/z1/obj/csma-output.o
 .data.packet_memb
                0x0000112c        0x8 build/z1/obj/csma-output.o
 .data.metadata_memb
                0x00001134        0x8 build/z1/obj/csma-output.o
 .data.ctimer_process
                0x0000113c        0xc build/z1/obj/ctimer.o
                0x0000113c                ctimer_process
 .data.etimer_process
                0x00001148        0xc build/z1/obj/etimer.o
                0x00001148                etimer_process
 .data.mac_pan_id
                0x00001154        0x2 build/z1/obj/frame802154.o
 .data.curr_log_level_main
                0x00001156        0x2 build/z1/obj/log.o
                0x00001156                curr_log_level_main
 .data.cur_break
                0x00001158        0x2 build/z1/obj/msp430.o
 .data.buframmem
                0x0000115a        0x8 build/z1/obj/queuebuf.o
 .data.bufmem   0x00001162        0x8 build/z1/obj/queuebuf.o
 .data.sensors_process
                0x0000116a        0xc build/z1/obj/sensors.o
                0x0000116a                sensors_process
 .data.stack_check_process
                0x00001176        0xc build/z1/obj/stack-check.o
                0x00001176                stack_check_process
 .data.sensors  0x00001182        0x8 build/z1/obj/z1-sensors.o
                0x00001182                sensors
 .data.next     0x0000118a        0x4 /usr/local/bin/../lib/gcc/msp430/4.7.2/../../../../msp430/lib/mcpu-430x/mmpy-16/msr20/mc20/libc.a(rand.o)
 .data.adxl345_default_settings
                0x0000118e       0x16 build/z1/obj/adxl345.o
 .data.send_on_cca
                0x000011a4        0x1 build/z1/obj/cc2420.o
 .data.prescale_lsb
                0x000011a5        0x1 build/z1/obj/i2cmaster.o
                0x000011a5                prescale_lsb
 *(SORT(.near.data) SORT(.near.data.*))
                0x000011a6                . = ALIGN (0x2)
                0x000011a6                _edata = .
                0x000079f0                __data_load_start = LOADADDR (.data)
                0x000000a6                __data_size = SIZEOF (.data)

.bss            0x000011a6      0x980 load address 0x00007a96
                0x000011a6                __bss_start = .
 *(SORT(.bss) SORT(.bss.*))
 .bss.int1_mask
                0x000011a6        0x2 build/z1/obj/adxl345.o
 .bss.int2_mask
                0x000011a8        0x2 build/z1/obj/adxl345.o
 .bss.suppressTimer1
                0x000011aa        0x8 build/z1/obj/adxl345.o
 .bss.suppressTimer2
                0x000011b2        0x8 build/z1/obj/adxl345.o
 .bss.debouncetimer
                0x000011ba        0x8 build/z1/obj/button-sensor.o
 .bss.last_packet_timestamp
                0x000011c2        0x2 build/z1/obj/cc2420.o
 .bss.prev_MDMCTRL1
                0x000011c4        0x2 build/z1/obj/cc2420.o
 .bss.prev_DACTST
                0x000011c6        0x2 build/z1/obj/cc2420.o
 .bss.channel   0x000011c8        0x2 build/z1/obj/cc2420.o
 .bss.last_tar  0x000011ca        0x2 build/z1/obj/clock.o
 .bss.count     0x000011cc        0x4 build/z1/obj/clock.o
 .bss.seconds   0x000011d0        0x4 build/z1/obj/clock.o
 .bss.my_pkt    0x000011d4        0x6 build/z1/obj/coordinator.o
 .bss.wait_slot
                0x000011da        0x4 build/z1/obj/coordinator.o
 .bss.slot      0x000011de        0x2 build/z1/obj/coordinator.o
 .bss.network_clock
                0x000011e0        0x4 build/z1/obj/coordinator.o
 .bss.pkt.2338  0x000011e4        0x6 build/z1/obj/coordinator.o
 .bss.border.2341
                0x000011ea        0x8 build/z1/obj/coordinator.o
 .bss.has_parent
                0x000011f2        0x2 build/z1/obj/coordinator.o
 .bss.cur_clock
                0x000011f4        0x4 build/z1/obj/coordinator.o
 .bss.prev_clock
                0x000011f8        0x4 build/z1/obj/coordinator.o
 .bss.parent    0x000011fc        0x8 build/z1/obj/coordinator.o
 .bss.duration  0x00001204        0x4 build/z1/obj/coordinator.o
 .bss.sensor.2344
                0x00001208        0x8 build/z1/obj/coordinator.o
 .bss.next_index
                0x00001210        0x2 build/z1/obj/coordinator.o
 .bss.children  0x00001212       0x80 build/z1/obj/coordinator.o
 .bss.count     0x00001292        0x2 build/z1/obj/coordinator.o
 .bss.received_clock
                0x00001294        0x2 build/z1/obj/coordinator.o
 .bss.periodic_timer.2356
                0x00001296        0xc build/z1/obj/coordinator.o
 .bss.count.2357
                0x000012a2        0x2 build/z1/obj/coordinator.o
 .bss.neighbor_list_list
                0x000012a4        0x2 build/z1/obj/csma-output.o
 .bss.neighbor_memb_memb_mem
                0x000012a6       0x4c build/z1/obj/csma-output.o
 .bss.packet_memb_memb_mem
                0x000012f2       0x30 build/z1/obj/csma-output.o
 .bss.metadata_memb_memb_mem
                0x00001322       0x40 build/z1/obj/csma-output.o
 .bss.ctimer_list_list
                0x00001362        0x2 build/z1/obj/ctimer.o
 .bss.timerlist
                0x00001364        0x2 build/z1/obj/etimer.o
 .bss.next_expiration
                0x00001366        0x4 build/z1/obj/etimer.o
 .bss.received_seqnos
                0x0000136a       0xe0 build/z1/obj/mac-sequence.o
 .bss.node_id   0x0000144a        0x2 build/z1/obj/node-id.o
                0x0000144a                node_id
 .bss.current_callback
                0x0000144c        0x4 build/z1/obj/nullnet.o
 .bss.bufptr    0x00001450        0x2 build/z1/obj/packetbuf.o
 .bss.buflen    0x00001452        0x2 build/z1/obj/packetbuf.o
 .bss.packetbuf_aligned
                0x00001454       0x80 build/z1/obj/packetbuf.o
 .bss.mgt_timer
                0x000014d4        0x8 build/z1/obj/platform.o
 .bss.process_current
                0x000014dc        0x2 build/z1/obj/process.o
                0x000014dc                process_current
 .bss.process_list
                0x000014de        0x2 build/z1/obj/process.o
                0x000014de                process_list
 .bss.events    0x000014e0       0x30 build/z1/obj/process.o
 .bss.buframmem_memb_mem
                0x00001510      0x550 build/z1/obj/queuebuf.o
 .bss.bufmem_memb_mem
                0x00001a60       0x10 build/z1/obj/queuebuf.o
 .bss.next_rtimer
                0x00001a70        0x2 build/z1/obj/rtimer.o
 .bss.i.2067    0x00001a72        0x2 build/z1/obj/sensors.o
 .bss.events.2068
                0x00001a74        0x2 build/z1/obj/sensors.o
 .bss.stack_top.2107
                0x00001a76        0x2 build/z1/obj/stack-check.o
 .bss.et.2129   0x00001a78        0xc build/z1/obj/stack-check.o
 .bss.uart0_input_handler
                0x00001a84        0x4 build/z1/obj/uart0.o
 .bss.counter   0x00001a88        0x2 build/z1/obj/watchdog.o
 .bss.enabled   0x00001a8a        0x1 build/z1/obj/adxl345.o
 .bss.poll_mode
                0x00001a8b        0x1 build/z1/obj/cc2420.o
 .bss.locked    0x00001a8c        0x1 build/z1/obj/cc2420.o
 .bss.lock_on   0x00001a8d        0x1 build/z1/obj/cc2420.o
 .bss.lock_off  0x00001a8e        0x1 build/z1/obj/cc2420.o
 .bss.receive_on
                0x00001a8f        0x1 build/z1/obj/cc2420.o
 .bss.was_on    0x00001a90        0x1 build/z1/obj/cc2420.o
 .bss.neighbor_memb_memb_used
                0x00001a91        0x2 build/z1/obj/csma-output.o
 .bss.packet_memb_memb_used
                0x00001a93        0x8 build/z1/obj/csma-output.o
 .bss.metadata_memb_memb_used
                0x00001a9b        0x8 build/z1/obj/csma-output.o
 .bss.initialized
                0x00001aa3        0x1 build/z1/obj/ctimer.o
 .bss.tx_byte_tot
                0x00001aa4        0x1 build/z1/obj/i2cmaster.o
 .bss.rx_byte_tot
                0x00001aa5        0x1 build/z1/obj/i2cmaster.o
 .bss.prescale_msb
                0x00001aa6        0x1 build/z1/obj/i2cmaster.o
                0x00001aa6                prescale_msb
 .bss.mac_dsn   0x00001aa7        0x1 build/z1/obj/mac-sequence.o
 .bss.hdrlen    0x00001aa8        0x1 build/z1/obj/packetbuf.o
 .bss.poll_requested
                0x00001aa9        0x1 build/z1/obj/process.o
 .bss.lastevent
                0x00001aaa        0x1 build/z1/obj/process.o
 .bss.fevent    0x00001aab        0x1 build/z1/obj/process.o
 .bss.nevents   0x00001aac        0x1 build/z1/obj/process.o
 .bss.buframmem_memb_used
                0x00001aad        0x8 build/z1/obj/queuebuf.o
 .bss.bufmem_memb_used
                0x00001ab5        0x8 build/z1/obj/queuebuf.o
 .bss.num_sensors
                0x00001abd        0x1 build/z1/obj/sensors.o
 .bss.enabled   0x00001abe        0x1 build/z1/obj/tmp102.o
 .bss.transmitting
                0x00001abf        0x1 build/z1/obj/uart0.o
 *(SORT(.near.bss) SORT(.near.bss.*))
 *(SORT(COMMON))
 COMMON         0x00001ac0        0x8 build/z1/obj/adxl345.o
                0x00001ac0                accm_int2_cb
                0x00001ac4                accm_int1_cb
 COMMON         0x00001ac8        0xc build/z1/obj/cc2420.o
                0x00001ac8                cc2420_last_rssi
                0x00001aca                cc2420_sfd_start_time
                0x00001acc                cc2420_last_correlation
                0x00001ace                cc2420_authority_level_of_sender
                0x00001ad0                cc2420_sfd_counter
                0x00001ad2                cc2420_sfd_end_time
 COMMON         0x00001ad4        0xe build/z1/obj/i2cmaster.o
                0x00001ad4                transmit_data1
                0x00001ad5                rx_byte_ctr
                0x00001ad6                tx_buf_ptr
                0x00001ad8                tx_byte_ctr
                0x00001ada                i
                0x00001adc                receive_data
                0x00001add                rx_buf
                0x00001adf                transmit_data2
                0x00001ae0                rx_buf_ptr
 COMMON         0x00001ae2        0x8 build/z1/obj/linkaddr.o
                0x00001ae2                linkaddr_node_addr
 COMMON         0x00001aea        0x2 build/z1/obj/msp430.o
                0x00001aea                msp430_dco_required
 COMMON         0x00001aec        0x4 build/z1/obj/nullnet.o
                0x00001aec                nullnet_buf
                0x00001aee                nullnet_len
 COMMON         0x00001af0       0x28 build/z1/obj/packetbuf.o
                0x00001af0                packetbuf_addrs
                0x00001b00                packetbuf_attrs
 COMMON         0x00001b18        0x8 build/z1/obj/node-id-z1.o
                0x00001b18                node_mac
 COMMON         0x00001b20        0x1 build/z1/obj/process.o
                0x00001b20                process_maxevents
 COMMON         0x00001b21        0x1 build/z1/obj/sensors.o
                0x00001b21                sensors_event
 COMMON         0x00001b22        0x4 build/z1/obj/z1-sensors.o
                0x00001b22                sensors_flags
                0x00001b26                . = ALIGN (0x2)
                0x00001b26                __bss_end = .
                0x00000980                __bss_size = SIZEOF (.bss)

.noinit         0x00001b26        0x2 load address 0x00007a96
                0x00001b26                . = ALIGN (0x2)
                0x00001b26                __noinit_start = .
 *(SORT(.noinit) SORT(.noinit.*))
 .noinit.crt0   0x00001b26        0x2 /usr/local/bin/../lib/gcc/msp430/4.7.2/mcpu-430x/mmpy-16/msr20/mc20/libcrt0.a(__watchdog_support.o)
                0x00001b26                __wdt_clear_value
                0x00001b28                . = ALIGN (0x2)
                0x00001b28                __noinit_end = .
                0x00001b28                . = ALIGN (0x2)
                0x00001b28                _end = .

.infomem        0x00001000        0x0
                0x00001000                . = ALIGN (0x2)
 *(SORT(.infomem) SORT(.infomem.*))

.infomemnobits  0x00001000        0x0
                0x00001000                . = ALIGN (0x2)
 *(SORT(.infomemnobits) SORT(.infomemnobits.*))

.infoa          0x000010c0        0x0
                0x000010c0                . = ALIGN (0x2)
 *(SORT(.infoa) SORT(.infoa.*))

.infob          0x00001080        0x0
                0x00001080                . = ALIGN (0x2)
 *(SORT(.infob) SORT(.infob.*))

.infoc          0x00001040        0x0
                0x00001040                . = ALIGN (0x2)
 *(SORT(.infoc) SORT(.infoc.*))

.infod          0x00001000        0x0
                0x00001000                . = ALIGN (0x2)
 *(SORT(.infod) SORT(.infod.*))
                0x0000ffff                PROVIDE (__vte_0, 0xffff)
                0x0000ffff                PROVIDE (__vte_1, 0xffff)
                0x0000ffff                PROVIDE (__vte_2, 0xffff)
                0x0000ffff                PROVIDE (__vte_3, 0xffff)
                0x0000ffff                PROVIDE (__vte_4, 0xffff)
                0x0000ffff                PROVIDE (__vte_5, 0xffff)
                0x0000ffff                PROVIDE (__vte_6, 0xffff)
                0x0000ffff                PROVIDE (__vte_7, 0xffff)
                0x0000ffff                PROVIDE (__vte_8, 0xffff)
                0x0000ffff                PROVIDE (__vte_9, 0xffff)
                0x0000ffff                PROVIDE (__vte_10, 0xffff)
                0x0000ffff                PROVIDE (__vte_11, 0xffff)
                0x0000ffff                PROVIDE (__vte_12, 0xffff)
                0x0000ffff                PROVIDE (__vte_13, 0xffff)
                0x0000ffff                PROVIDE (__vte_14, 0xffff)
                0x0000ffff                PROVIDE (__vte_15, 0xffff)
                0x0000ffff                PROVIDE (__vte_16, 0xffff)
                0x0000ffff                PROVIDE (__vte_17, 0xffff)
                0x0000ffff                PROVIDE (__vte_18, 0xffff)
                0x0000ffff                PROVIDE (__vte_19, 0xffff)
                0x0000ffff                PROVIDE (__vte_20, 0xffff)
                0x0000ffff                PROVIDE (__vte_21, 0xffff)
                0x0000ffff                PROVIDE (__vte_22, 0xffff)
                0x0000ffff                PROVIDE (__vte_23, 0xffff)
                0x0000ffff                PROVIDE (__vte_24, 0xffff)
                0x0000ffff                PROVIDE (__vte_25, 0xffff)
                0x0000ffff                PROVIDE (__vte_26, 0xffff)
                0x0000ffff                PROVIDE (__vte_27, 0xffff)
                0x0000ffff                PROVIDE (__vte_28, 0xffff)
                0x0000ffff                PROVIDE (__vte_29, 0xffff)
                0x0000ffff                PROVIDE (__vte_30, 0xffff)
                0x0000ffff                PROVIDE (__vte_31, 0xffff)

.vectors        0x0000ffc0       0x40
                0x0000ffc0                __vectors_start = .
 *(SORT(.vectors*))
 .vectors       0x0000ffc0       0x40 /usr/local/bin/../lib/gcc/msp430/4.7.2/mcpu-430x/mmpy-16/msr20/mc20/crt0ivtbl32.o
                0x0000ffc0                __ivtbl_32
                0x00010000                _vectors_end = .

.fartext        0x00010000        0x0
                0x00010000                . = ALIGN (0x2)
 *(SORT(.fartext) SORT(.fartext.*))

.far.text       0x00010000        0x0
                0x00010000                . = ALIGN (0x2)
 *(SORT(.far.text) SORT(.far.text.*))

.far.rodata     0x00010000        0x0
                0x00010000                . = ALIGN (0x2)
 *(SORT(.far.rodata) SORT(.far.rodata.*))
                0x00010000                . = ALIGN (0x2)
                0x00010000                _efartext = .

.far.data       0x00000000        0x0 load address 0x00010000
                0x00000000                . = ALIGN (0x2)
                0x00000000                __far_data_start = .
 *(SORT(.far.data) SORT(.far.data.*))
                0x00000000                . = ALIGN (0x2)
                0x00000000                _efardata = .
                0x00010000                __far_data_load_start = LOADADDR (.far.data)
                0x00000000                __far_data_size = SIZEOF (.far.data)

.far.bss        0x00000000        0x0 load address 0x00010000
                0x00000000                . = ALIGN (0x2)
                0x00000000                __far_bss_start = .
 *(SORT(.far.bss) SORT(.far.bss.*))
                0x00000000                . = ALIGN (0x2)
                0x00000000                __far_bss_end = .
                0x00000000                __far_bss_size = SIZEOF (.far.bss)
                0x00000000                . = ALIGN (0x2)
                0x00000000                _far_end = .

.profiler
 *(SORT(.profiler))

.stab
 *(SORT(.stab))

.stabstr
 *(SORT(.stabstr))

.stab.excl
 *(SORT(.stab.excl))

.stab.exclstr
 *(SORT(.stab.exclstr))

.stab.index
 *(SORT(.stab.index))

.stab.indexstr
 *(SORT(.stab.indexstr))

.comment        0x00000000       0x30
 *(SORT(.comment))
 .comment       0x00000000       0x30 build/z1/obj/adxl345.o
                                 0x31 (size before relaxing)
 .comment       0x00000000       0x31 build/z1/obj/autostart.o
 .comment       0x00000000       0x31 build/z1/obj/button-sensor.o
 .comment       0x00000000       0x31 build/z1/obj/cc2420-arch-sfd.o
 .comment       0x00000000       0x31 build/z1/obj/cc2420-arch.o
 .comment       0x00000000       0x31 build/z1/obj/cc2420.o
 .comment       0x00000000       0x31 build/z1/obj/clock.o
 .comment       0x00000000       0x31 build/z1/obj/contiki-main.o
 .comment       0x00000000       0x31 build/z1/obj/contiki-z1-platform.o
 .comment       0x00000000       0x31 build/z1/obj/coordinator.o
 .comment       0x00000000       0x31 build/z1/obj/csma-output.o
 .comment       0x00000000       0x31 build/z1/obj/csma-security.o
 .comment       0x00000000       0x31 build/z1/obj/csma.o
 .comment       0x00000000       0x31 build/z1/obj/ctimer.o
 .comment       0x00000000       0x31 build/z1/obj/energest.o
 .comment       0x00000000       0x31 build/z1/obj/etimer.o
 .comment       0x00000000       0x31 build/z1/obj/frame802154.o
 .comment       0x00000000       0x31 build/z1/obj/framer-802154.o
 .comment       0x00000000       0x31 build/z1/obj/i2cmaster.o
 .comment       0x00000000       0x31 build/z1/obj/leds-arch.o
 .comment       0x00000000       0x31 build/z1/obj/leds.o
 .comment       0x00000000       0x31 build/z1/obj/linkaddr.o
 .comment       0x00000000       0x31 build/z1/obj/list.o
 .comment       0x00000000       0x31 build/z1/obj/log.o
 .comment       0x00000000       0x31 build/z1/obj/mac-sequence.o
 .comment       0x00000000       0x31 build/z1/obj/mac.o
 .comment       0x00000000       0x31 build/z1/obj/memb.o
 .comment       0x00000000       0x31 build/z1/obj/msp430.o
 .comment       0x00000000       0x31 build/z1/obj/netstack.o
 .comment       0x00000000       0x31 build/z1/obj/node-id-z1.o
 .comment       0x00000000       0x31 build/z1/obj/node-id.o
 .comment       0x00000000       0x31 build/z1/obj/nullnet.o
 .comment       0x00000000       0x31 build/z1/obj/nullrouting.o
 .comment       0x00000000       0x31 build/z1/obj/packetbuf.o
 .comment       0x00000000       0x31 build/z1/obj/platform.o
 .comment       0x00000000       0x31 build/z1/obj/process.o
 .comment       0x00000000       0x31 build/z1/obj/queuebuf.o
 .comment       0x00000000       0x31 build/z1/obj/random.o
 .comment       0x00000000       0x31 build/z1/obj/rtimer-arch.o
 .comment       0x00000000       0x31 build/z1/obj/rtimer.o
 .comment       0x00000000       0x31 build/z1/obj/sensors.o
 .comment       0x00000000       0x31 build/z1/obj/spi-legacy.o
 .comment       0x00000000       0x31 build/z1/obj/stack-check.o
 .comment       0x00000000       0x31 build/z1/obj/timer.o
 .comment       0x00000000       0x31 build/z1/obj/tmp102.o
 .comment       0x00000000       0x31 build/z1/obj/uart0-putchar.o
 .comment       0x00000000       0x31 build/z1/obj/uart0.o
 .comment       0x00000000       0x31 build/z1/obj/watchdog.o
 .comment       0x00000000       0x31 build/z1/obj/xmem.o
 .comment       0x00000000       0x31 build/z1/obj/z1-sensors.o
 .comment       0x00000000       0x31 /usr/local/bin/../lib/gcc/msp430/4.7.2/../../../../msp430/lib/mcpu-430x/mmpy-16/msr20/mc20/libc.a(printf.o)
 .comment       0x00000000       0x31 /usr/local/bin/../lib/gcc/msp430/4.7.2/../../../../msp430/lib/mcpu-430x/mmpy-16/msr20/mc20/libc.a(vuprintf.o)
 .comment       0x00000000       0x31 /usr/local/bin/../lib/gcc/msp430/4.7.2/../../../../msp430/lib/mcpu-430x/mmpy-16/msr20/mc20/libc.a(puts.o)
 .comment       0x00000000       0x31 /usr/local/bin/../lib/gcc/msp430/4.7.2/../../../../msp430/lib/mcpu-430x/mmpy-16/msr20/mc20/libc.a(rand.o)
 .comment       0x00000000       0x31 /usr/local/bin/../lib/gcc/msp430/4.7.2/../../../../msp430/lib/mcpu-430x/mmpy-16/msr20/mc20/libc.a(memcmp.o)
 .comment       0x00000000       0x31 /usr/local/bin/../lib/gcc/msp430/4.7.2/../../../../msp430/lib/mcpu-430x/mmpy-16/msr20/mc20/libc.a(memcpy.o)
 .comment       0x00000000       0x31 /usr/local/bin/../lib/gcc/msp430/4.7.2/../../../../msp430/lib/mcpu-430x/mmpy-16/msr20/mc20/libc.a(memset.o)

.debug
 *(SORT(.debug))

.line
 *(SORT(.line))

.debug_srcinfo
 *(SORT(.debug_srcinfo))

.debug_sfnames
 *(SORT(.debug_sfnames))

.debug_aranges  0x00000000      0x260
 *(SORT(.debug_aranges))
 .debug_aranges
                0x00000000       0x20 /usr/local/bin/../lib/gcc/msp430/4.7.2/mcpu-430x/mmpy-16/msr20/mc20/crt0ivtbl32.o
 .debug_aranges
                0x00000020       0x20 /usr/local/bin/../lib/gcc/msp430/4.7.2/mcpu-430x/mmpy-16/msr20/mc20/libgcc.a(_mulsi3.o)
 .debug_aranges
                0x00000040       0x20 /usr/local/bin/../lib/gcc/msp430/4.7.2/mcpu-430x/mmpy-16/msr20/mc20/libgcc.a(_udivmod16.o)
 .debug_aranges
                0x00000060       0x20 /usr/local/bin/../lib/gcc/msp430/4.7.2/mcpu-430x/mmpy-16/msr20/mc20/libgcc.a(_udivmod32.o)
 .debug_aranges
                0x00000080       0x20 /usr/local/bin/../lib/gcc/msp430/4.7.2/mcpu-430x/mmpy-16/msr20/mc20/libgcc.a(_udivmod64.o)
 .debug_aranges
                0x000000a0       0x20 /usr/local/bin/../lib/gcc/msp430/4.7.2/mcpu-430x/mmpy-16/msr20/mc20/libcrt0.a(__watchdog_support.o)
 .debug_aranges
                0x000000c0       0x20 /usr/local/bin/../lib/gcc/msp430/4.7.2/mcpu-430x/mmpy-16/msr20/mc20/libcrt0.a(__init_stack.o)
 .debug_aranges
                0x000000e0       0x20 /usr/local/bin/../lib/gcc/msp430/4.7.2/mcpu-430x/mmpy-16/msr20/mc20/libcrt0.a(_copy_data.o)
 .debug_aranges
                0x00000100       0x20 /usr/local/bin/../lib/gcc/msp430/4.7.2/mcpu-430x/mmpy-16/msr20/mc20/libcrt0.a(_clear_bss.o)
 .debug_aranges
                0x00000120       0x20 /usr/local/bin/../lib/gcc/msp430/4.7.2/mcpu-430x/mmpy-16/msr20/mc20/libcrt0.a(_endless_loop__.o)
 .debug_aranges
                0x00000140       0x20 /usr/local/bin/../lib/gcc/msp430/4.7.2/mcpu-430x/mmpy-16/msr20/mc20/libcrt0.a(_unexpected_.o)
 .debug_aranges
                0x00000160       0x28 /usr/local/bin/../lib/gcc/msp430/4.7.2/../../../../msp430/lib/mcpu-430x/mmpy-16/msr20/mc20/libc.a(printf.o)
 .debug_aranges
                0x00000188       0x28 /usr/local/bin/../lib/gcc/msp430/4.7.2/../../../../msp430/lib/mcpu-430x/mmpy-16/msr20/mc20/libc.a(vuprintf.o)
 .debug_aranges
                0x000001b0       0x20 /usr/local/bin/../lib/gcc/msp430/4.7.2/../../../../msp430/lib/mcpu-430x/mmpy-16/msr20/mc20/libc.a(puts.o)
 .debug_aranges
                0x000001d0       0x30 /usr/local/bin/../lib/gcc/msp430/4.7.2/../../../../msp430/lib/mcpu-430x/mmpy-16/msr20/mc20/libc.a(rand.o)
 .debug_aranges
                0x00000200       0x20 /usr/local/bin/../lib/gcc/msp430/4.7.2/../../../../msp430/lib/mcpu-430x/mmpy-16/msr20/mc20/libc.a(memcmp.o)
 .debug_aranges
                0x00000220       0x20 /usr/local/bin/../lib/gcc/msp430/4.7.2/../../../../msp430/lib/mcpu-430x/mmpy-16/msr20/mc20/libc.a(memcpy.o)
 .debug_aranges
                0x00000240       0x20 /usr/local/bin/../lib/gcc/msp430/4.7.2/../../../../msp430/lib/mcpu-430x/mmpy-16/msr20/mc20/libc.a(memset.o)

.debug_pubnames
 *(SORT(.debug_pubnames))

.debug_info     0x00000000     0x1534
 *(SORT(.debug_info))
 .debug_info    0x00000000       0xb1 /usr/local/bin/../lib/gcc/msp430/4.7.2/mcpu-430x/mmpy-16/msr20/mc20/crt0ivtbl32.o
 .debug_info    0x000000b1       0xae /usr/local/bin/../lib/gcc/msp430/4.7.2/mcpu-430x/mmpy-16/msr20/mc20/libgcc.a(_mulsi3.o)
 .debug_info    0x0000015f       0xae /usr/local/bin/../lib/gcc/msp430/4.7.2/mcpu-430x/mmpy-16/msr20/mc20/libgcc.a(_udivmod16.o)
 .debug_info    0x0000020d       0xae /usr/local/bin/../lib/gcc/msp430/4.7.2/mcpu-430x/mmpy-16/msr20/mc20/libgcc.a(_udivmod32.o)
 .debug_info    0x000002bb      0x18d /usr/local/bin/../lib/gcc/msp430/4.7.2/../../../../msp430/lib/mcpu-430x/mmpy-16/msr20/mc20/libc.a(printf.o)
 .debug_info    0x00000448      0x673 /usr/local/bin/../lib/gcc/msp430/4.7.2/../../../../msp430/lib/mcpu-430x/mmpy-16/msr20/mc20/libc.a(vuprintf.o)
 .debug_info    0x00000abb       0xe1 /usr/local/bin/../lib/gcc/msp430/4.7.2/../../../../msp430/lib/mcpu-430x/mmpy-16/msr20/mc20/libc.a(puts.o)
 .debug_info    0x00000b9c      0x172 /usr/local/bin/../lib/gcc/msp430/4.7.2/../../../../msp430/lib/mcpu-430x/mmpy-16/msr20/mc20/libc.a(rand.o)
 .debug_info    0x00000d0e       0xff /usr/local/bin/../lib/gcc/msp430/4.7.2/../../../../msp430/lib/mcpu-430x/mmpy-16/msr20/mc20/libc.a(memcmp.o)
 .debug_info    0x00000e0d      0x144 /usr/local/bin/../lib/gcc/msp430/4.7.2/../../../../msp430/lib/mcpu-430x/mmpy-16/msr20/mc20/libc.a(memcpy.o)
 .debug_info    0x00000f51      0x12d /usr/local/bin/../lib/gcc/msp430/4.7.2/../../../../msp430/lib/mcpu-430x/mmpy-16/msr20/mc20/libc.a(memset.o)
 .debug_info    0x0000107e       0xae /usr/local/bin/../lib/gcc/msp430/4.7.2/mcpu-430x/mmpy-16/msr20/mc20/libgcc.a(_udivmod64.o)
 .debug_info    0x0000112c       0xac /usr/local/bin/../lib/gcc/msp430/4.7.2/mcpu-430x/mmpy-16/msr20/mc20/libcrt0.a(__watchdog_support.o)
 .debug_info    0x000011d8       0xac /usr/local/bin/../lib/gcc/msp430/4.7.2/mcpu-430x/mmpy-16/msr20/mc20/libcrt0.a(__init_stack.o)
 .debug_info    0x00001284       0xac /usr/local/bin/../lib/gcc/msp430/4.7.2/mcpu-430x/mmpy-16/msr20/mc20/libcrt0.a(_copy_data.o)
 .debug_info    0x00001330       0xac /usr/local/bin/../lib/gcc/msp430/4.7.2/mcpu-430x/mmpy-16/msr20/mc20/libcrt0.a(_clear_bss.o)
 .debug_info    0x000013dc       0xac /usr/local/bin/../lib/gcc/msp430/4.7.2/mcpu-430x/mmpy-16/msr20/mc20/libcrt0.a(_endless_loop__.o)
 .debug_info    0x00001488       0xac /usr/local/bin/../lib/gcc/msp430/4.7.2/mcpu-430x/mmpy-16/msr20/mc20/libcrt0.a(_unexpected_.o)
 *(SORT(.gnu.linkonce.wi.*))

.debug_abbrev   0x00000000      0x79c
 *(SORT(.debug_abbrev))
 .debug_abbrev  0x00000000       0x14 /usr/local/bin/../lib/gcc/msp430/4.7.2/mcpu-430x/mmpy-16/msr20/mc20/crt0ivtbl32.o
 .debug_abbrev  0x00000014       0x14 /usr/local/bin/../lib/gcc/msp430/4.7.2/mcpu-430x/mmpy-16/msr20/mc20/libgcc.a(_mulsi3.o)
 .debug_abbrev  0x00000028       0x14 /usr/local/bin/../lib/gcc/msp430/4.7.2/mcpu-430x/mmpy-16/msr20/mc20/libgcc.a(_udivmod16.o)
 .debug_abbrev  0x0000003c       0x14 /usr/local/bin/../lib/gcc/msp430/4.7.2/mcpu-430x/mmpy-16/msr20/mc20/libgcc.a(_udivmod32.o)
 .debug_abbrev  0x00000050       0xfa /usr/local/bin/../lib/gcc/msp430/4.7.2/../../../../msp430/lib/mcpu-430x/mmpy-16/msr20/mc20/libc.a(printf.o)
 .debug_abbrev  0x0000014a      0x23e /usr/local/bin/../lib/gcc/msp430/4.7.2/../../../../msp430/lib/mcpu-430x/mmpy-16/msr20/mc20/libc.a(vuprintf.o)
 .debug_abbrev  0x00000388       0xa3 /usr/local/bin/../lib/gcc/msp430/4.7.2/../../../../msp430/lib/mcpu-430x/mmpy-16/msr20/mc20/libc.a(puts.o)
 .debug_abbrev  0x0000042b       0xfb /usr/local/bin/../lib/gcc/msp430/4.7.2/../../../../msp430/lib/mcpu-430x/mmpy-16/msr20/mc20/libc.a(rand.o)
 .debug_abbrev  0x00000526       0x9e /usr/local/bin/../lib/gcc/msp430/4.7.2/../../../../msp430/lib/mcpu-430x/mmpy-16/msr20/mc20/libc.a(memcmp.o)
 .debug_abbrev  0x000005c4       0xab /usr/local/bin/../lib/gcc/msp430/4.7.2/../../../../msp430/lib/mcpu-430x/mmpy-16/msr20/mc20/libc.a(memcpy.o)
 .debug_abbrev  0x0000066f       0xa1 /usr/local/bin/../lib/gcc/msp430/4.7.2/../../../../msp430/lib/mcpu-430x/mmpy-16/msr20/mc20/libc.a(memset.o)
 .debug_abbrev  0x00000710       0x14 /usr/local/bin/../lib/gcc/msp430/4.7.2/mcpu-430x/mmpy-16/msr20/mc20/libgcc.a(_udivmod64.o)
 .debug_abbrev  0x00000724       0x14 /usr/local/bin/../lib/gcc/msp430/4.7.2/mcpu-430x/mmpy-16/msr20/mc20/libcrt0.a(__watchdog_support.o)
 .debug_abbrev  0x00000738       0x14 /usr/local/bin/../lib/gcc/msp430/4.7.2/mcpu-430x/mmpy-16/msr20/mc20/libcrt0.a(__init_stack.o)
 .debug_abbrev  0x0000074c       0x14 /usr/local/bin/../lib/gcc/msp430/4.7.2/mcpu-430x/mmpy-16/msr20/mc20/libcrt0.a(_copy_data.o)
 .debug_abbrev  0x00000760       0x14 /usr/local/bin/../lib/gcc/msp430/4.7.2/mcpu-430x/mmpy-16/msr20/mc20/libcrt0.a(_clear_bss.o)
 .debug_abbrev  0x00000774       0x14 /usr/local/bin/../lib/gcc/msp430/4.7.2/mcpu-430x/mmpy-16/msr20/mc20/libcrt0.a(_endless_loop__.o)
 .debug_abbrev  0x00000788       0x14 /usr/local/bin/../lib/gcc/msp430/4.7.2/mcpu-430x/mmpy-16/msr20/mc20/libcrt0.a(_unexpected_.o)

.debug_line     0x00000000      0xcc2
 *(SORT(.debug_line))
 .debug_line    0x00000000       0x6f /usr/local/bin/../lib/gcc/msp430/4.7.2/mcpu-430x/mmpy-16/msr20/mc20/crt0ivtbl32.o
 .debug_line    0x0000006f       0x7f /usr/local/bin/../lib/gcc/msp430/4.7.2/mcpu-430x/mmpy-16/msr20/mc20/libgcc.a(_mulsi3.o)
 .debug_line    0x000000ee       0x7b /usr/local/bin/../lib/gcc/msp430/4.7.2/mcpu-430x/mmpy-16/msr20/mc20/libgcc.a(_udivmod16.o)
 .debug_line    0x00000169       0x86 /usr/local/bin/../lib/gcc/msp430/4.7.2/mcpu-430x/mmpy-16/msr20/mc20/libgcc.a(_udivmod32.o)
 .debug_line    0x000001ef       0xad /usr/local/bin/../lib/gcc/msp430/4.7.2/../../../../msp430/lib/mcpu-430x/mmpy-16/msr20/mc20/libc.a(printf.o)
 .debug_line    0x0000029c      0x35d /usr/local/bin/../lib/gcc/msp430/4.7.2/../../../../msp430/lib/mcpu-430x/mmpy-16/msr20/mc20/libc.a(vuprintf.o)
 .debug_line    0x000005f9       0x67 /usr/local/bin/../lib/gcc/msp430/4.7.2/../../../../msp430/lib/mcpu-430x/mmpy-16/msr20/mc20/libc.a(puts.o)
 .debug_line    0x00000660       0x6e /usr/local/bin/../lib/gcc/msp430/4.7.2/../../../../msp430/lib/mcpu-430x/mmpy-16/msr20/mc20/libc.a(rand.o)
 .debug_line    0x000006ce       0x91 /usr/local/bin/../lib/gcc/msp430/4.7.2/../../../../msp430/lib/mcpu-430x/mmpy-16/msr20/mc20/libc.a(memcmp.o)
 .debug_line    0x0000075f      0x11a /usr/local/bin/../lib/gcc/msp430/4.7.2/../../../../msp430/lib/mcpu-430x/mmpy-16/msr20/mc20/libc.a(memcpy.o)
 .debug_line    0x00000879       0xf4 /usr/local/bin/../lib/gcc/msp430/4.7.2/../../../../msp430/lib/mcpu-430x/mmpy-16/msr20/mc20/libc.a(memset.o)
 .debug_line    0x0000096d       0xc4 /usr/local/bin/../lib/gcc/msp430/4.7.2/mcpu-430x/mmpy-16/msr20/mc20/libgcc.a(_udivmod64.o)
 .debug_line    0x00000a31       0x6d /usr/local/bin/../lib/gcc/msp430/4.7.2/mcpu-430x/mmpy-16/msr20/mc20/libcrt0.a(__watchdog_support.o)
 .debug_line    0x00000a9e       0x6b /usr/local/bin/../lib/gcc/msp430/4.7.2/mcpu-430x/mmpy-16/msr20/mc20/libcrt0.a(__init_stack.o)
 .debug_line    0x00000b09       0x71 /usr/local/bin/../lib/gcc/msp430/4.7.2/mcpu-430x/mmpy-16/msr20/mc20/libcrt0.a(_copy_data.o)
 .debug_line    0x00000b7a       0x71 /usr/local/bin/../lib/gcc/msp430/4.7.2/mcpu-430x/mmpy-16/msr20/mc20/libcrt0.a(_clear_bss.o)
 .debug_line    0x00000beb       0x6c /usr/local/bin/../lib/gcc/msp430/4.7.2/mcpu-430x/mmpy-16/msr20/mc20/libcrt0.a(_endless_loop__.o)
 .debug_line    0x00000c57       0x6b /usr/local/bin/../lib/gcc/msp430/4.7.2/mcpu-430x/mmpy-16/msr20/mc20/libcrt0.a(_unexpected_.o)

.debug_frame    0x00000000      0x1c0
 *(SORT(.debug_frame))
 .debug_frame   0x00000000       0x34 /usr/local/bin/../lib/gcc/msp430/4.7.2/../../../../msp430/lib/mcpu-430x/mmpy-16/msr20/mc20/libc.a(printf.o)
 .debug_frame   0x00000034       0x88 /usr/local/bin/../lib/gcc/msp430/4.7.2/../../../../msp430/lib/mcpu-430x/mmpy-16/msr20/mc20/libc.a(vuprintf.o)
 .debug_frame   0x000000bc       0x2c /usr/local/bin/../lib/gcc/msp430/4.7.2/../../../../msp430/lib/mcpu-430x/mmpy-16/msr20/mc20/libc.a(puts.o)
 .debug_frame   0x000000e8       0x4c /usr/local/bin/../lib/gcc/msp430/4.7.2/../../../../msp430/lib/mcpu-430x/mmpy-16/msr20/mc20/libc.a(rand.o)
 .debug_frame   0x00000134       0x2c /usr/local/bin/../lib/gcc/msp430/4.7.2/../../../../msp430/lib/mcpu-430x/mmpy-16/msr20/mc20/libc.a(memcmp.o)
 .debug_frame   0x00000160       0x30 /usr/local/bin/../lib/gcc/msp430/4.7.2/../../../../msp430/lib/mcpu-430x/mmpy-16/msr20/mc20/libc.a(memcpy.o)